Component: ARM Compiler 5.06 update 7 (build 960) Tool: armlink [4d3601]

==============================================================================

Section Cross References

    system_stm32f10x.o(.text) refers to system_stm32f10x.o(.data) for .data
    stm32f10x_gpio.o(.text) refers to stm32f10x_rcc.o(.text) for RCC_APB2PeriphResetCmd
    stm32f10x_rcc.o(.text) refers to stm32f10x_rcc.o(.data) for .data
    stm32f10x_usart.o(.text) refers to stm32f10x_rcc.o(.text) for RCC_APB2PeriphResetCmd
    stm32f10x_i2c.o(.text) refers to stm32f10x_rcc.o(.text) for RCC_APB1PeriphResetCmd
    stm32f10x_tim.o(.text) refers to stm32f10x_rcc.o(.text) for RCC_APB1PeriphResetCmd
    stm32f10x_spi.o(.text) refers to stm32f10x_rcc.o(.text) for RCC_APB2PeriphResetCmd
    stm32f10x_adc.o(.text) refers to stm32f10x_rcc.o(.text) for RCC_APB2PeriphResetCmd
    stm32f10x_wwdg.o(.text) refers to stm32f10x_rcc.o(.text) for RCC_APB1PeriphResetCmd
    startup_stm32f10x_hd.o(STACK) refers (Special) to heapauxi.o(.text) for __use_two_region_memory
    startup_stm32f10x_hd.o(HEAP) refers (Special) to heapauxi.o(.text) for __use_two_region_memory
    startup_stm32f10x_hd.o(RESET) refers (Special) to heapauxi.o(.text) for __use_two_region_memory
    startup_stm32f10x_hd.o(RESET) refers to startup_stm32f10x_hd.o(STACK) for __initial_sp
    startup_stm32f10x_hd.o(RESET) refers to startup_stm32f10x_hd.o(.text) for Reset_Handler
    startup_stm32f10x_hd.o(RESET) refers to stm32f10x_it.o(.text) for NMI_Handler
    startup_stm32f10x_hd.o(RESET) refers to z_timer.o(.text) for SysTick_Handler
    startup_stm32f10x_hd.o(RESET) refers to z_usart.o(.text) for USART1_IRQHandler
    startup_stm32f10x_hd.o(.text) refers (Special) to heapauxi.o(.text) for __use_two_region_memory
    startup_stm32f10x_hd.o(.text) refers to system_stm32f10x.o(.text) for SystemInit
    startup_stm32f10x_hd.o(.text) refers to __main.o(!!!main) for __main
    startup_stm32f10x_hd.o(.text) refers to startup_stm32f10x_hd.o(HEAP) for Heap_Mem
    startup_stm32f10x_hd.o(.text) refers to startup_stm32f10x_hd.o(STACK) for Stack_Mem
    z_global.o(.text) refers to z_global.o(.bss) for .bss
    z_gpio.o(.text) refers to stm32f10x_rcc.o(.text) for RCC_APB2PeriphClockCmd
    z_gpio.o(.text) refers to stm32f10x_gpio.o(.text) for GPIO_PinRemapConfig
    z_gpio.o(.text) refers to z_delay.o(.text) for tb_delay_ms
    z_gpio.o(.text) refers to z_gpio.o(.data) for .data
    z_ps2.o(.text) refers to stm32f10x_rcc.o(.text) for RCC_APB2PeriphClockCmd
    z_ps2.o(.text) refers to stm32f10x_gpio.o(.text) for GPIO_PinRemapConfig
    z_ps2.o(.text) refers to z_delay.o(.text) for tb_delay_us
    z_rcc.o(.text) refers to stm32f10x_rcc.o(.text) for RCC_DeInit
    z_timer.o(.text) refers to stm32f10x_iwdg.o(.text) for IWDG_WriteAccessCmd
    z_timer.o(.text) refers to stm32f10x_rcc.o(.text) for RCC_APB2PeriphClockCmd
    z_timer.o(.text) refers to stm32f10x_tim.o(.text) for TIM_TimeBaseInit
    z_timer.o(.text) refers to misc.o(.text) for NVIC_Init
    z_timer.o(.text) refers to stm32f10x_gpio.o(.text) for GPIO_Init
    z_timer.o(.text) refers to scalbnf.o(x$fpl$scalbnf) for __ARM_scalbnf
    z_timer.o(.text) refers to fflt_clz.o(x$fpl$fflt) for __aeabi_i2f
    z_timer.o(.text) refers to faddsub_clz.o(x$fpl$fsub) for __aeabi_fsub
    z_timer.o(.text) refers to fleqf.o(x$fpl$fleqf) for __aeabi_cfcmple
    z_timer.o(.text) refers to faddsub_clz.o(x$fpl$fadd) for __aeabi_fadd
    z_timer.o(.text) refers to ffixu.o(x$fpl$ffixu) for __aeabi_f2uiz
    z_timer.o(.text) refers to z_gpio.o(.text) for dj_io_set
    z_timer.o(.text) refers to z_timer.o(.data) for .data
    z_timer.o(.text) refers to z_global.o(.bss) for duoji_doing
    z_usart.o(.text) refers to stm32f10x_rcc.o(.text) for RCC_APB2PeriphClockCmd
    z_usart.o(.text) refers to stm32f10x_gpio.o(.text) for GPIO_Init
    z_usart.o(.text) refers to stm32f10x_usart.o(.text) for USART_Init
    z_usart.o(.text) refers to misc.o(.text) for NVIC_Init
    z_usart.o(.text) refers to z_global.o(.data) for uart1_get_ok
    z_usart.o(.text) refers to z_global.o(.data) for uart1_mode
    z_usart.o(.text) refers to z_usart.o(.data) for .data
    z_usart.o(.text) refers to z_global.o(.bss) for uart_receive_buf
    z_w25q64.o(.text) refers to stm32f10x_spi.o(.text) for SPI_I2S_GetFlagStatus
    z_w25q64.o(.text) refers to stm32f10x_gpio.o(.text) for GPIO_Init
    z_w25q64.o(.text) refers to stm32f10x_rcc.o(.text) for RCC_APB2PeriphClockCmd
    z_w25q64.o(.text) refers to z_w25q64.o(.data) for .data
    z_w25q64.o(.text) refers to z_w25q64.o(.bss) for .bss
    z_adc.o(.text) refers to stm32f10x_adc.o(.text) for ADC_DeInit
    z_adc.o(.text) refers to stm32f10x_rcc.o(.text) for RCC_ADCCLKConfig
    z_adc.o(.text) refers to stm32f10x_dma.o(.text) for DMA_DeInit
    z_adc.o(.text) refers to stm32f10x_gpio.o(.text) for GPIO_Init
    z_adc.o(.text) refers to z_adc.o(.data) for .data
    z_kinematics.o(.text) refers to fmul.o(x$fpl$fmul) for __aeabi_fmul
[...]
    TIM_ITConfig                             0x08001305   Thumb Code    16  stm32f10x_tim.o(.text)
    TIM_GenerateEvent                        0x08001315   Thumb Code     4  stm32f10x_tim.o(.text)
    TIM_DMAConfig                            0x08001319   Thumb Code     8  stm32f10x_tim.o(.text)
    TIM_DMACmd                               0x08001321   Thumb Code    16  stm32f10x_tim.o(.text)
    TIM_InternalClockConfig                  0x08001331   Thumb Code    10  stm32f10x_tim.o(.text)
    TIM_SelectInputTrigger                   0x0800133b   Thumb Code    12  stm32f10x_tim.o(.text)
    TIM_ITRxExternalClockConfig              0x08001347   Thumb Code    18  stm32f10x_tim.o(.text)
    TIM_TIxExternalClockConfig               0x08001359   Thumb Code    46  stm32f10x_tim.o(.text)
    TIM_ETRConfig                            0x08001387   Thumb Code    24  stm32f10x_tim.o(.text)
    TIM_ETRClockMode1Config                  0x0800139f   Thumb Code    18  stm32f10x_tim.o(.text)
    TIM_ETRClockMode2Config                  0x080013b1   Thumb Code    18  stm32f10x_tim.o(.text)
    TIM_PrescalerConfig                      0x080013c3   Thumb Code     6  stm32f10x_tim.o(.text)
    TIM_CounterModeConfig                    0x080013c9   Thumb Code    12  stm32f10x_tim.o(.text)
    TIM_EncoderInterfaceConfig               0x080013d5   Thumb Code    50  stm32f10x_tim.o(.text)
    TIM_ForcedOC1Config                      0x08001407   Thumb Code    12  stm32f10x_tim.o(.text)
    TIM_ForcedOC2Config                      0x08001413   Thumb Code    20  stm32f10x_tim.o(.text)
    TIM_ForcedOC3Config                      0x08001427   Thumb Code    12  stm32f10x_tim.o(.text)
    TIM_ForcedOC4Config                      0x08001433   Thumb Code    20  stm32f10x_tim.o(.text)
    TIM_ARRPreloadConfig                     0x08001447   Thumb Code    20  stm32f10x_tim.o(.text)
    TIM_SelectCOM                            0x0800145b   Thumb Code    20  stm32f10x_tim.o(.text)
    TIM_SelectCCDMA                          0x0800146f   Thumb Code    20  stm32f10x_tim.o(.text)
    TIM_CCPreloadControl                     0x08001483   Thumb Code    20  stm32f10x_tim.o(.text)
    TIM_OC1PreloadConfig                     0x08001497   Thumb Code    34  stm32f10x_tim.o(.text)
    TIM_OC2PreloadConfig                     0x080014b9   Thumb Code    20  stm32f10x_tim.o(.text)
    TIM_OC3PreloadConfig                     0x080014cd   Thumb Code    12  stm32f10x_tim.o(.text)
    TIM_OC4PreloadConfig                     0x080014d9   Thumb Code    20  stm32f10x_tim.o(.text)
    TIM_OC1FastConfig                        0x080014ed   Thumb Code    12  stm32f10x_tim.o(.text)
    TIM_OC2FastConfig                        0x080014f9   Thumb Code    20  stm32f10x_tim.o(.text)
    TIM_OC3FastConfig                        0x0800150d   Thumb Code    12  stm32f10x_tim.o(.text)
    TIM_OC4FastConfig                        0x08001519   Thumb Code    20  stm32f10x_tim.o(.text)
    TIM_ClearOC1Ref                          0x0800152d   Thumb Code    12  stm32f10x_tim.o(.text)
    TIM_ClearOC2Ref                          0x08001539   Thumb Code    20  stm32f10x_tim.o(.text)
    TIM_ClearOC3Ref                          0x0800154d   Thumb Code    12  stm32f10x_tim.o(.text)
    TIM_ClearOC4Ref                          0x08001559   Thumb Code    20  stm32f10x_tim.o(.text)
    TIM_OC1PolarityConfig                    0x0800156d   Thumb Code    12  stm32f10x_tim.o(.text)
    TIM_OC1NPolarityConfig                   0x08001579   Thumb Code    12  stm32f10x_tim.o(.text)
    TIM_OC2PolarityConfig                    0x08001585   Thumb Code    20  stm32f10x_tim.o(.text)
    TIM_OC2NPolarityConfig                   0x08001599   Thumb Code    20  stm32f10x_tim.o(.text)
    TIM_OC3PolarityConfig                    0x080015ad   Thumb Code    20  stm32f10x_tim.o(.text)
    TIM_OC3NPolarityConfig                   0x080015c1   Thumb Code    20  stm32f10x_tim.o(.text)
    TIM_OC4PolarityConfig                    0x080015d5   Thumb Code    20  stm32f10x_tim.o(.text)
    TIM_CCxCmd                               0x080015e9   Thumb Code    22  stm32f10x_tim.o(.text)
    TIM_CCxNCmd                              0x080015ff   Thumb Code    22  stm32f10x_tim.o(.text)
    TIM_SelectOCxM                           0x08001615   Thumb Code    70  stm32f10x_tim.o(.text)
    TIM_UpdateDisableConfig                  0x0800165b   Thumb Code    20  stm32f10x_tim.o(.text)
    TIM_UpdateRequestConfig                  0x0800166f   Thumb Code    20  stm32f10x_tim.o(.text)
    TIM_SelectHallSensor                     0x08001683   Thumb Code    20  stm32f10x_tim.o(.text)
    TIM_SelectOnePulseMode                   0x08001697   Thumb Code    16  stm32f10x_tim.o(.text)
    TIM_SelectOutputTrigger                  0x080016a7   Thumb Code    16  stm32f10x_tim.o(.text)
    TIM_SelectSlaveMode                      0x080016b7   Thumb Code    16  stm32f10x_tim.o(.text)
    TIM_SelectMasterSlaveMode                0x080016c7   Thumb Code    16  stm32f10x_tim.o(.text)
    TIM_SetCounter                           0x080016d7   Thumb Code     4  stm32f10x_tim.o(.text)
    TIM_SetAutoreload                        0x080016db   Thumb Code     4  stm32f10x_tim.o(.text)
    TIM_SetCompare1                          0x080016df   Thumb Code     4  stm32f10x_tim.o(.text)
    TIM_SetCompare2                          0x080016e3   Thumb Code     4  stm32f10x_tim.o(.text)
    TIM_SetCompare3                          0x080016e7   Thumb Code     4  stm32f10x_tim.o(.text)
    TIM_SetCompare4                          0x080016eb   Thumb Code     6  stm32f10x_tim.o(.text)
    TIM_SetClockDivision                     0x080016f1   Thumb Code    16  stm32f10x_tim.o(.text)
    TIM_GetCapture1                          0x08001701   Thumb Code     4  stm32f10x_tim.o(.text)
    TIM_GetCapture2                          0x08001705   Thumb Code     4  stm32f10x_tim.o(.text)
    TIM_GetCapture3                          0x08001709   Thumb Code     4  stm32f10x_tim.o(.text)
    TIM_GetCapture4                          0x0800170d   Thumb Code     6  stm32f10x_tim.o(.text)
    TIM_GetCounter                           0x08001713   Thumb Code     4  stm32f10x_tim.o(.text)
    TIM_GetPrescaler                         0x08001717   Thumb Code     4  stm32f10x_tim.o(.text)
    TIM_GetFlagStatus                        0x0800171b   Thumb Code    14  stm32f10x_tim.o(.text)
    TIM_ClearFlag                            0x08001729   Thumb Code     6  stm32f10x_tim.o(.text)
    TIM_GetITStatus                          0x0800172f   Thumb Code    24  stm32f10x_tim.o(.text)
    TIM_ClearITPendingBit                    0x08001747   Thumb Code     6  stm32f10x_tim.o(.text)
    SPI_I2S_DeInit                           0x0800174d   Thumb Code    72  stm32f10x_spi.o(.text)
    SPI_Init                                 0x08001795   Thumb Code    56  stm32f10x_spi.o(.text)
    I2S_Init                                 0x080017cd   Thumb Code   152  stm32f10x_spi.o(.text)
    SPI_StructInit                           0x08001865   Thumb Code    24  stm32f10x_spi.o(.text)
    I2S_StructInit                           0x0800187d   Thumb Code    18  stm32f10x_spi.o(.text)
    SPI_Cmd                                  0x0800188f   Thumb Code    20  stm32f10x_spi.o(.text)
    I2S_Cmd                                  0x080018a3   Thumb Code    20  stm32f10x_spi.o(.text)
    SPI_I2S_ITConfig                         0x080018b7   Thumb Code    24  stm32f10x_spi.o(.text)
    SPI_I2S_DMACmd                           0x080018cf   Thumb Code    16  stm32f10x_spi.o(.text)
    SPI_I2S_SendData                         0x080018df   Thumb Code     4  stm32f10x_spi.o(.text)
    SPI_I2S_ReceiveData                      0x080018e3   Thumb Code     4  stm32f10x_spi.o(.text)
    SPI_NSSInternalSoftwareConfig            0x080018e7   Thumb Code    24  stm32f10x_spi.o(.text)
    SPI_SSOutputCmd                          0x080018ff   Thumb Code    20  stm32f10x_spi.o(.text)
    SPI_DataSizeConfig                       0x08001913   Thumb Code    16  stm32f10x_spi.o(.text)
    SPI_TransmitCRC                          0x08001923   Thumb Code    10  stm32f10x_spi.o(.text)
    SPI_CalculateCRC                         0x0800192d   Thumb Code    20  stm32f10x_spi.o(.text)
    SPI_GetCRC                               0x08001941   Thumb Code    12  stm32f10x_spi.o(.text)
    SPI_GetCRCPolynomial                     0x0800194d   Thumb Code     4  stm32f10x_spi.o(.text)
    SPI_BiDirectionalLineConfig              0x08001951   Thumb Code    22  stm32f10x_spi.o(.text)
    SPI_I2S_GetFlagStatus                    0x08001967   Thumb Code    14  stm32f10x_spi.o(.text)
    SPI_I2S_ClearFlag                        0x08001975   Thumb Code     6  stm32f10x_spi.o(.text)
    SPI_I2S_GetITStatus                      0x0800197b   Thumb Code    42  stm32f10x_spi.o(.text)
    SPI_I2S_ClearITPendingBit                0x080019a5   Thumb Code    14  stm32f10x_spi.o(.text)
    ADC_DeInit                               0x080019c1   Thumb Code    56  stm32f10x_adc.o(.text)
    ADC_Init                                 0x080019f9   Thumb Code    62  stm32f10x_adc.o(.text)
    ADC_StructInit                           0x08001a37   Thumb Code    18  stm32f10x_adc.o(.text)
    ADC_Cmd                                  0x08001a49   Thumb Code    20  stm32f10x_adc.o(.text)
    ADC_DMACmd                               0x08001a5d   Thumb Code    20  stm32f10x_adc.o(.text)
    ADC_ITConfig                             0x08001a71   Thumb Code    18  stm32f10x_adc.o(.text)
    ADC_ResetCalibration                     0x08001a83   Thumb Code    10  stm32f10x_adc.o(.text)
    ADC_GetResetCalibrationStatus            0x08001a8d   Thumb Code    14  stm32f10x_adc.o(.text)
    ADC_StartCalibration                     0x08001a9b   Thumb Code    10  stm32f10x_adc.o(.text)
    ADC_GetCalibrationStatus                 0x08001aa5   Thumb Code    14  stm32f10x_adc.o(.text)
    ADC_SoftwareStartConvCmd                 0x08001ab3   Thumb Code    20  stm32f10x_adc.o(.text)
    ADC_GetSoftwareStartConvStatus           0x08001ac7   Thumb Code    14  stm32f10x_adc.o(.text)
    ADC_DiscModeChannelCountConfig           0x08001ad5   Thumb Code    16  stm32f10x_adc.o(.text)
    ADC_DiscModeCmd                          0x08001ae5   Thumb Code    20  stm32f10x_adc.o(.text)
    ADC_RegularChannelConfig                 0x08001af9   Thumb Code   116  stm32f10x_adc.o(.text)
    ADC_ExternalTrigConvCmd                  0x08001b6d   Thumb Code    20  stm32f10x_adc.o(.text)
    ADC_GetConversionValue                   0x08001b81   Thumb Code     6  stm32f10x_adc.o(.text)
    ADC_GetDualModeConversionValue           0x08001b87   Thumb Code     8  stm32f10x_adc.o(.text)
    ADC_AutoInjectedConvCmd                  0x08001b8f   Thumb Code    20  stm32f10x_adc.o(.text)
    ADC_InjectedDiscModeCmd                  0x08001ba3   Thumb Code    20  stm32f10x_adc.o(.text)
    ADC_ExternalTrigInjectedConvConfig       0x08001bb7   Thumb Code    12  stm32f10x_adc.o(.text)
    ADC_ExternalTrigInjectedConvCmd          0x08001bc3   Thumb Code    20  stm32f10x_adc.o(.text)
    ADC_SoftwareStartInjectedConvCmd         0x08001bd7   Thumb Code    20  stm32f10x_adc.o(.text)
    ADC_GetSoftwareStartInjectedConvCmdStatus 0x08001beb   Thumb Code    14  stm32f10x_adc.o(.text)
    ADC_InjectedChannelConfig                0x08001bf9   Thumb Code    74  stm32f10x_adc.o(.text)
    ADC_InjectedSequencerLengthConfig        0x08001c43   Thumb Code    16  stm32f10x_adc.o(.text)
    ADC_SetInjectedOffset                    0x08001c53   Thumb Code    10  stm32f10x_adc.o(.text)
    ADC_GetInjectedConversionValue           0x08001c5d   Thumb Code    14  stm32f10x_adc.o(.text)
    ADC_AnalogWatchdogCmd                    0x08001c6b   Thumb Code    12  stm32f10x_adc.o(.text)
    ADC_AnalogWatchdogThresholdsConfig       0x08001c77   Thumb Code     6  stm32f10x_adc.o(.text)
    ADC_AnalogWatchdogSingleChannelConfig    0x08001c7d   Thumb Code    12  stm32f10x_adc.o(.text)
    ADC_TempSensorVrefintCmd                 0x08001c89   Thumb Code    24  stm32f10x_adc.o(.text)
    ADC_GetFlagStatus                        0x08001ca1   Thumb Code    14  stm32f10x_adc.o(.text)
    ADC_ClearFlag                            0x08001caf   Thumb Code     6  stm32f10x_adc.o(.text)
    ADC_GetITStatus                          0x08001cb5   Thumb Code    28  stm32f10x_adc.o(.text)
    ADC_ClearITPendingBit                    0x08001cd1   Thumb Code     8  stm32f10x_adc.o(.text)
    DMA_DeInit                               0x08001cf1   Thumb Code   218  stm32f10x_dma.o(.text)
    DMA_Init                                 0x08001dcb   Thumb Code    58  stm32f10x_dma.o(.text)
    DMA_StructInit                           0x08001e05   Thumb Code    26  stm32f10x_dma.o(.text)
    DMA_Cmd                                  0x08001e1f   Thumb Code    22  stm32f10x_dma.o(.text)
    DMA_ITConfig                             0x08001e35   Thumb Code    16  stm32f10x_dma.o(.text)
    DMA_SetCurrDataCounter                   0x08001e45   Thumb Code     4  stm32f10x_dma.o(.text)
    DMA_GetCurrDataCounter                   0x08001e49   Thumb Code     6  stm32f10x_dma.o(.text)
    DMA_GetFlagStatus                        0x08001e4f   Thumb Code    28  stm32f10x_dma.o(.text)
    DMA_ClearFlag                            0x08001e6b   Thumb Code    20  stm32f10x_dma.o(.text)
    DMA_GetITStatus                          0x08001e7f   Thumb Code    28  stm32f10x_dma.o(.text)
    DMA_ClearITPendingBit                    0x08001e9b   Thumb Code    20  stm32f10x_dma.o(.text)
    IWDG_WriteAccessCmd                      0x08001eb9   Thumb Code     6  stm32f10x_iwdg.o(.text)
    IWDG_SetPrescaler                        0x08001ebf   Thumb Code     6  stm32f10x_iwdg.o(.text)
    IWDG_SetReload                           0x08001ec5   Thumb Code     6  stm32f10x_iwdg.o(.text)
    IWDG_ReloadCounter                       0x08001ecb   Thumb Code    10  stm32f10x_iwdg.o(.text)
    IWDG_Enable                              0x08001ed5   Thumb Code    10  stm32f10x_iwdg.o(.text)
    IWDG_GetFlagStatus                       0x08001edf   Thumb Code    16  stm32f10x_iwdg.o(.text)
    Reset_Handler                            0x08001ef5   Thumb Code     8  startup_stm32f10x_hd.o(.text)
    ADC1_2_IRQHandler                        0x08001f0f   Thumb Code     0  startup_stm32f10x_hd.o(.text)
    ADC3_IRQHandler                          0x08001f0f   Thumb Code     0  startup_stm32f10x_hd.o(.text)
    CAN1_RX1_IRQHandler                      0x08001f0f   Thumb Code     0  startup_stm32f10x_hd.o(.text)
    CAN1_SCE_IRQHandler                      0x08001f0f   Thumb Code     0  startup_stm32f10x_hd.o(.text)
    DMA1_Channel1_IRQHandler                 0x08001f0f   Thumb Code     0  startup_stm32f10x_hd.o(.text)
    DMA1_Channel2_IRQHandler                 0x08001f0f   Thumb Code     0  startup_stm32f10x_hd.o(.text)
    DMA1_Channel3_IRQHandler                 0x08001f0f   Thumb Code     0  startup_stm32f10x_hd.o(.text)
    DMA1_Channel4_IRQHandler                 0x08001f0f   Thumb Code     0  startup_stm32f10x_hd.o(.text)
    DMA1_Channel5_IRQHandler                 0x08001f0f   Thumb Code     0  startup_stm32f10x_hd.o(.text)
    DMA1_Channel6_IRQHandler                 0x08001f0f   Thumb Code     0  startup_stm32f10x_hd.o(.text)
    DMA1_Channel7_IRQHandler                 0x08001f0f   Thumb Code     0  startup_stm32f10x_hd.o(.text)
    DMA2_Channel1_IRQHandler                 0x08001f0f   Thumb Code     0  startup_stm32f10x_hd.o(.text)
    DMA2_Channel2_IRQHandler                 0x08001f0f   Thumb Code     0  startup_stm32f10x_hd.o(.text)
    DMA2_Channel3_IRQHandler                 0x08001f0f   Thumb Code     0  startup_stm32f10x_hd.o(.text)
    DMA2_Channel4_5_IRQHandler               0x08001f0f   Thumb Code     0  startup_stm32f10x_hd.o(.text)
    EXTI0_IRQHandler                         0x08001f0f   Thumb Code     0  startup_stm32f10x_hd.o(.text)
    EXTI15_10_IRQHandler                     0x08001f0f   Thumb Code     0  startup_stm32f10x_hd.o(.text)
    EXTI1_IRQHandler                         0x08001f0f   Thumb Code     0  startup_stm32f10x_hd.o(.text)
    EXTI2_IRQHandler                         0x08001f0f   Thumb Code     0  startup_stm32f10x_hd.o(.text)
    EXTI3_IRQHandler                         0x08001f0f   Thumb Code     0  startup_stm32f10x_hd.o(.text)
    EXTI4_IRQHandler                         0x08001f0f   Thumb Code     0  startup_stm32f10x_hd.o(.text)
    EXTI9_5_IRQHandler                       0x08001f0f   Thumb Code     0  startup_stm32f10x_hd.o(.text)
    FLASH_IRQHandler                         0x08001f0f   Thumb Code     0  startup_stm32f10x_hd.o(.text)
    FSMC_IRQHandler                          0x08001f0f   Thumb Code     0  startup_stm32f10x_hd.o(.text)
    I2C1_ER_IRQHandler                       0x08001f0f   Thumb Code     0  startup_stm32f10x_hd.o(.text)
    I2C1_EV_IRQHandler                       0x08001f0f   Thumb Code     0  startup_stm32f10x_hd.o(.text)
    I2C2_ER_IRQHandler                       0x08001f0f   Thumb Code     0  startup_stm32f10x_hd.o(.text)
    I2C2_EV_IRQHandler                       0x08001f0f   Thumb Code     0  startup_stm32f10x_hd.o(.text)
    PVD_IRQHandler                           0x08001f0f   Thumb Code     0  startup_stm32f10x_hd.o(.text)
    RCC_IRQHandler                           0x08001f0f   Thumb Code     0  startup_stm32f10x_hd.o(.text)
    RTCAlarm_IRQHandler                      0x08001f0f   Thumb Code     0  startup_stm32f10x_hd.o(.text)
    RTC_IRQHandler                           0x08001f0f   Thumb Code     0  startup_stm32f10x_hd.o(.text)
    SDIO_IRQHandler                          0x08001f0f   Thumb Code     0  startup_stm32f10x_hd.o(.text)
    SPI1_IRQHandler                          0x08001f0f   Thumb Code     0  startup_stm32f10x_hd.o(.text)
    SPI2_IRQHandler                          0x08001f0f   Thumb Code     0  startup_stm32f10x_hd.o(.text)
    SPI3_IRQHandler                          0x08001f0f   Thumb Code     0  startup_stm32f10x_hd.o(.text)
    TAMPER_IRQHandler                        0x08001f0f   Thumb Code     0  startup_stm32f10x_hd.o(.text)
    TIM1_BRK_IRQHandler                      0x08001f0f   Thumb Code     0  startup_stm32f10x_hd.o(.text)
    TIM1_CC_IRQHandler                       0x08001f0f   Thumb Code     0  startup_stm32f10x_hd.o(.text)
    TIM1_TRG_COM_IRQHandler                  0x08001f0f   Thumb Code     0  startup_stm32f10x_hd.o(.text)
    TIM1_UP_IRQHandler                       0x08001f0f   Thumb Code     0  startup_stm32f10x_hd.o(.text)
    TIM4_IRQHandler                          0x08001f0f   Thumb Code     0  startup_stm32f10x_hd.o(.text)
    TIM5_IRQHandler                          0x08001f0f   Thumb Code     0  startup_stm32f10x_hd.o(.text)
    TIM6_IRQHandler                          0x08001f0f   Thumb Code     0  startup_stm32f10x_hd.o(.text)
    TIM7_IRQHandler                          0x08001f0f   Thumb Code     0  startup_stm32f10x_hd.o(.text)
    TIM8_BRK_IRQHandler                      0x08001f0f   Thumb Code     0  startup_stm32f10x_hd.o(.text)
    TIM8_CC_IRQHandler                       0x08001f0f   Thumb Code     0  startup_stm32f10x_hd.o(.text)
    TIM8_TRG_COM_IRQHandler                  0x08001f0f   Thumb Code     0  startup_stm32f10x_hd.o(.text)
    TIM8_UP_IRQHandler                       0x08001f0f   Thumb Code     0  startup_stm32f10x_hd.o(.text)
    UART4_IRQHandler                         0x08001f0f   Thumb Code     0  startup_stm32f10x_hd.o(.text)
    UART5_IRQHandler                         0x08001f0f   Thumb Code     0  startup_stm32f10x_hd.o(.text)
    USBWakeUp_IRQHandler                     0x08001f0f   Thumb Code     0  startup_stm32f10x_hd.o(.text)
    USB_HP_CAN1_TX_IRQHandler                0x08001f0f   Thumb Code     0  startup_stm32f10x_hd.o(.text)
    USB_LP_CAN1_RX0_IRQHandler               0x08001f0f   Thumb Code     0  startup_stm32f10x_hd.o(.text)
    WWDG_IRQHandler                          0x08001f0f   Thumb Code     0  startup_stm32f10x_hd.o(.text)
    __user_initial_stackheap                 0x08001f11   Thumb Code     0  startup_stm32f10x_hd.o(.text)
    tb_delay_init                            0x08001f35   Thumb Code     2  z_delay.o(.text)
    tb_delay                                 0x08001f37   Thumb Code     8  z_delay.o(.text)
    tb_delay_ns                              0x08001f3f   Thumb Code     8  z_delay.o(.text)
    tb_delay_us                              0x08001f47   Thumb Code    18  z_delay.o(.text)
    tb_delay_ms                              0x08001f59   Thumb Code    24  z_delay.o(.text)
    tb_global_init                           0x08001f71   Thumb Code    36  z_global.o(.text)
    str_contain_str                          0x08001f95   Thumb Code    64  z_global.o(.text)
    selection_sort                           0x08001fd5   Thumb Code    64  z_global.o(.text)
    abs_int                                  0x08002015   Thumb Code     8  z_global.o(.text)
    tb_gpio_init                             0x08002025   Thumb Code    22  z_gpio.o(.text)
    nled_init                                0x0800203b   Thumb Code    40  z_gpio.o(.text)
    gpioB_pin_set                            0x08002063   Thumb Code    20  z_gpio.o(.text)
    nled_switch                              0x08002077   Thumb Code    28  z_gpio.o(.text)
    beep_init                                0x08002093   Thumb Code    38  z_gpio.o(.text)
    beep_times                               0x080020b9   Thumb Code    62  z_gpio.o(.text)
    gpioA_pin_set                            0x080020f7   Thumb Code    20  z_gpio.o(.text)
    gpioC_pin_set                            0x0800210b   Thumb Code    20  z_gpio.o(.text)
    dj_io_init                               0x0800211f   Thumb Code    64  z_gpio.o(.text)
    dj_io_set                                0x0800215f   Thumb Code    40  z_gpio.o(.text)
    sensor_init                              0x08002187   Thumb Code    52  z_gpio.o(.text)
    beep_on_times                            0x080021bb   Thumb Code    46  z_gpio.o(.text)
    psx_io_config                            0x080021fd   Thumb Code    72  z_ps2.o(.text)
    PSX_init                                 0x08002245   Thumb Code    40  z_ps2.o(.text)
    psx_transfer                             0x0800226d   Thumb Code   122  z_ps2.o(.text)
    psx_write_read                           0x080022e7   Thumb Code   102  z_ps2.o(.text)
    tb_rcc_init                              0x08002355   Thumb Code    86  z_rcc.o(.text)
    IWDG_Init                                0x080023ad   Thumb Code    36  z_timer.o(.text)
    _abs                                     0x080023d1   Thumb Code    12  z_timer.o(.text)
    SysTick_Int_Init                         0x080023dd   Thumb Code    22  z_timer.o(.text)
    SysTick_Handler                          0x080023f3   Thumb Code    20  z_timer.o(.text)
    millis                                   0x08002407   Thumb Code     6  z_timer.o(.text)
    TIM1_Int_Init                            0x0800240d   Thumb Code   102  z_timer.o(.text)
    TIM2_Int_Init                            0x08002473   Thumb Code   100  z_timer.o(.text)
    TIM3_Int_Init                            0x080024d7   Thumb Code    98  z_timer.o(.text)
    TIM3_Pwm_Init                            0x08002539   Thumb Code   144  z_timer.o(.text)
    TIM4_Pwm_Init                            0x080025c9   Thumb Code   146  z_timer.o(.text)
    abs_float                                0x0800265b   Thumb Code    12  z_timer.o(.text)
    duoji_inc_handle                         0x08002667   Thumb Code    96  z_timer.o(.text)
    TIM2_IRQHandler                          0x080026c7   Thumb Code   112  z_timer.o(.text)
    TIM3_IRQHandler                          0x08002737   Thumb Code    30  z_timer.o(.text)
    timer1_ir_init                           0x08002755   Thumb Code   232  z_timer.o(.text)
    tb_usart3_init                           0x0800283d   Thumb Code   158  z_usart.o(.text)
    tb_usart2_init                           0x080028db   Thumb Code   162  z_usart.o(.text)
    tb_usart1_init                           0x0800297d   Thumb Code   188  z_usart.o(.text)
    tb_usart_init                            0x08002a39   Thumb Code    62  z_usart.o(.text)
    tb_usart1_send_byte                      0x08002a77   Thumb Code     8  z_usart.o(.text)
    tb_usart1_send_nbyte                     0x08002a7f   Thumb Code    46  z_usart.o(.text)
    tb_usart1_send_str                       0x08002aad   Thumb Code    36  z_usart.o(.text)
    tb_usart2_send_byte                      0x08002ad1   Thumb Code     8  z_usart.o(.text)
    tb_usart2_send_nbyte                     0x08002ad9   Thumb Code    44  z_usart.o(.text)
    tb_usart2_send_str                       0x08002b05   Thumb Code    36  z_usart.o(.text)
    tb_usart3_send_byte                      0x08002b29   Thumb Code     8  z_usart.o(.text)
    tb_usart3_send_nbyte                     0x08002b31   Thumb Code    44  z_usart.o(.text)
    tb_usart3_send_str                       0x08002b5d   Thumb Code    36  z_usart.o(.text)
    USART1_IRQHandler                        0x08002b81   Thumb Code   178  z_usart.o(.text)
    USART2_IRQHandler                        0x08002c33   Thumb Code   192  z_usart.o(.text)
    USART3_IRQHandler                        0x08002cf3   Thumb Code   158  z_usart.o(.text)
    uart1_send_str                           0x08002d91   Thumb Code     2  z_usart.o(.text)
    uart1_send_nbyte                         0x08002d93   Thumb Code     2  z_usart.o(.text)
    uart1_send_byte                          0x08002d95   Thumb Code     2  z_usart.o(.text)
    uart2_send_str                           0x08002d97   Thumb Code     2  z_usart.o(.text)
    uart2_send_nbyte                         0x08002d99   Thumb Code     2  z_usart.o(.text)
    uart2_send_byte                          0x08002d9b   Thumb Code     2  z_usart.o(.text)
    zx_uart_send_str                         0x08002d9d   Thumb Code    28  z_usart.o(.text)
    uart3_send_str                           0x08002db9   Thumb Code     2  z_usart.o(.text)
    uart3_send_nbyte                         0x08002dbb   Thumb Code     2  z_usart.o(.text)
    uart3_send_byte                          0x08002dbd   Thumb Code     2  z_usart.o(.text)
    SpiWriteRead                             0x08002dd5   Thumb Code    76  z_w25q64.o(.text)
    spiFlahsOn                               0x08002e21   Thumb Code    84  z_w25q64.o(.text)
    ws_delay_us                              0x08002e75   Thumb Code    18  z_w25q64.o(.text)
    SpiSetSpeedHigh                          0x08002e87   Thumb Code    28  z_w25q64.o(.text)
    SpiFlashInit                             0x08002ea3   Thumb Code   174  z_w25q64.o(.text)
    SpiSetSpeedLow                           0x08002f51   Thumb Code    28  z_w25q64.o(.text)
    SpiFlashReadID                           0x08002f6d   Thumb Code    76  z_w25q64.o(.text)
    SpiFlashReadSR                           0x08002fb9   Thumb Code    46  z_w25q64.o(.text)
    SpiFlashWriteSR                          0x08002fe7   Thumb Code    46  z_w25q64.o(.text)
    SpiFlashWriteEnable                      0x08003015   Thumb Code    38  z_w25q64.o(.text)
    SpiFlashWriteDisable                     0x0800303b   Thumb Code    38  z_w25q64.o(.text)
    SpiFlashReadChar                         0x08003061   Thumb Code    74  z_w25q64.o(.text)
    SpiFlashRead                             0x080030ab   Thumb Code    90  z_w25q64.o(.text)
    SpiFlashWaitBusy                         0x08003105   Thumb Code    14  z_w25q64.o(.text)
    SpiFlashWritePage                        0x08003113   Thumb Code   106  z_w25q64.o(.text)
    SpiFlashWriteNoCheck                     0x0800317d   Thumb Code    80  z_w25q64.o(.text)
    SpiFlashEraseSector                      0x080031cd   Thumb Code    72  z_w25q64.o(.text)
    SpiFlashWriteS                           0x08003215   Thumb Code   152  z_w25q64.o(.text)
    SpiFlashWriteSector                      0x080032ad   Thumb Code    16  z_w25q64.o(.text)
    SpiFlashWrite                            0x080032bd   Thumb Code   166  z_w25q64.o(.text)
    SpiFlashWriteChar                        0x08003363   Thumb Code    78  z_w25q64.o(.text)
    SpiFlashEraseChip                        0x080033b1   Thumb Code    48  z_w25q64.o(.text)
    SpiFlashPowerDown                        0x080033e1   Thumb Code    42  z_w25q64.o(.text)
    SpiFlashWakeUp                           0x0800340b   Thumb Code    42  z_w25q64.o(.text)
    ADC1_Configuration                       0x0800343d   Thumb Code   126  z_adc.o(.text)
    DMA_Configuration                        0x080034bb   Thumb Code    74  z_adc.o(.text)
    ADC1_GPIO_Configuration                  0x08003505   Thumb Code    42  z_adc.o(.text)
    ADC_init                                 0x0800352f   Thumb Code    16  z_adc.o(.text)
    setup_kinematics                         0x08003551   Thumb Code    56  z_kinematics.o(.text)
    kinematics_analysis                      0x08003589   Thumb Code   934  z_kinematics.o(.text)
    setup_djio                               0x08003969   Thumb Code     4  z_actiongroupcontrol.o(.text)
    setup_dj_timer                           0x0800396d   Thumb Code    10  z_actiongroupcontrol.o(.text)
    setup_servo_bias                         0x08003977   Thumb Code    54  z_actiongroupcontrol.o(.text)
    parse_action                             0x080039ad   Thumb Code   824  z_actiongroupcontrol.o(.text)
    getMaxTime                               0x08003ce5   Thumb Code    78  z_actiongroupcontrol.o(.text)
    do_group_once                            0x08003d33   Thumb Code   106  z_actiongroupcontrol.o(.text)
    int_exchange                             0x08003d9d   Thumb Code    10  z_actiongroupcontrol.o(.text)
    print_group                              0x08003da7   Thumb Code    90  z_actiongroupcontrol.o(.text)
    parse_group_cmd                          0x08003e01   Thumb Code   454  z_actiongroupcontrol.o(.text)
    setup_do_group                           0x08003fc7   Thumb Code    80  z_actiongroupcontrol.o(.text)
    rewrite_eeprom                           0x08004017   Thumb Code    36  z_actiongroupcontrol.o(.text)
    loop_monitor                             0x0800403b   Thumb Code    44  z_actiongroupcontrol.o(.text)
    loop_action                              0x08004067   Thumb Code   110  z_actiongroupcontrol.o(.text)
    replace_char                             0x080040d5   Thumb Code    18  z_actiongroupcontrol.o(.text)
    get_action_index                         0x080040e7   Thumb Code    52  z_actiongroupcontrol.o(.text)
    save_action                              0x0800411b   Thumb Code   536  z_actiongroupcontrol.o(.text)
    set_servo                                0x08004333   Thumb Code    98  z_actiongroupcontrol.o(.text)
    kinematics_move                          0x080043cd   Thumb Code   130  z_main.o(.text)
    parse_cmd                                0x0800444f   Thumb Code   178  z_main.o(.text)
    parse_psx_buf                            0x08004501   Thumb Code   448  z_main.o(.text)
    loop_ps2_button                          0x080046c1   Thumb Code    44  z_main.o(.text)
    loop_ps2_data                            0x080046ed   Thumb Code    36  z_main.o(.text)
    loop_uart                                0x08004711   Thumb Code    84  z_main.o(.text)
    loop_nled                                0x08004765   Thumb Code    48  z_main.o(.text)
    setup_start                              0x08004795   Thumb Code   256  z_main.o(.text)
    setup_interrupt                          0x08004895   Thumb Code     4  z_main.o(.text)
    setup_systick                            0x08004899   Thumb Code     4  z_main.o(.text)
    setup_uart3                              0x0800489d   Thumb Code    38  z_main.o(.text)
    setup_uart1                              0x080048c3   Thumb Code    32  z_main.o(.text)
    setup_ps2                                0x080048e3   Thumb Code     4  z_main.o(.text)
    setup_w25q64                             0x080048e7   Thumb Code   122  z_main.o(.text)
    setup_beep                               0x08004961   Thumb Code    18  z_main.o(.text)
    setup_nled                               0x08004973   Thumb Code    18  z_main.o(.text)
    setup_gpio                               0x08004985   Thumb Code     4  z_main.o(.text)
    setup_global                             0x08004989   Thumb Code     4  z_main.o(.text)
    setup_rcc                                0x0800498d   Thumb Code     4  z_main.o(.text)
    main                                     0x08004991   Thumb Code   114  z_main.o(.text)
    setup_adc                                0x08004a03   Thumb Code     4  z_main.o(.text)
    setup_uart2                              0x08004a07   Thumb Code    32  z_main.o(.text)
    soft_reset                               0x08004a27   Thumb Code    26  z_main.o(.text)
    carry_wood                               0x08004ab9   Thumb Code   254  z_sensor.o(.text)
    parse_data                               0x08004bb7   Thumb Code   148  z_sensor.o(.text)
    ceju_jiaqu                               0x08004c4b   Thumb Code   164  z_sensor.o(.text)
    loop_sensor                              0x08004cef   Thumb Code     2  z_sensor.o(.text)
    __2sprintf                               0x08004dd1   Thumb Code    34  noretval__2sprintf.o(.text)
    _printf_pre_padding                      0x08004df9   Thumb Code    44  _printf_pad.o(.text)
    _printf_post_padding                     0x08004e25   Thumb Code    34  _printf_pad.o(.text)
    _printf_str                              0x08004e47   Thumb Code    82  _printf_str.o(.text)
    _printf_int_dec                          0x08004e99   Thumb Code   104  _printf_dec.o(.text)
    __printf                                 0x08004f11   Thumb Code   308  __printf_flags_wp.o(.text)
    __0sscanf                                0x08005049   Thumb Code    52  __0sscanf.o(.text)
    _scanf_int                               0x08005085   Thumb Code   332  _scanf_int.o(.text)
    strstr                                   0x080051d1   Thumb Code    36  strstr.o(.text)
    strcpy                                   0x080051f5   Thumb Code    72  strcpy.o(.text)
    strlen                                   0x0800523d   Thumb Code    62  strlen.o(.text)
    __aeabi_memcpy                           0x0800527b   Thumb Code     0  rt_memcpy_v6.o(.text)
    __rt_memcpy                              0x0800527b   Thumb Code   138  rt_memcpy_v6.o(.text)
    _memcpy_lastbytes                        0x080052e1   Thumb Code     0  rt_memcpy_v6.o(.text)
    __aeabi_memclr                           0x08005305   Thumb Code     0  rt_memclr.o(.text)
    __rt_memclr                              0x08005305   Thumb Code    68  rt_memclr.o(.text)
    _memset                                  0x08005309   Thumb Code     0  rt_memclr.o(.text)
    __aeabi_memclr4                          0x08005349   Thumb Code     0  rt_memclr_w.o(.text)
    __aeabi_memclr8                          0x08005349   Thumb Code     0  rt_memclr_w.o(.text)
    __rt_memclr_w                            0x08005349   Thumb Code    78  rt_memclr_w.o(.text)
    _memset_w                                0x0800534d   Thumb Code     0  rt_memclr_w.o(.text)
    __use_two_region_memory                  0x08005397   Thumb Code     2  heapauxi.o(.text)
    __rt_heap_escrow$2region                 0x08005399   Thumb Code     2  heapauxi.o(.text)
    __rt_heap_expand$2region                 0x0800539b   Thumb Code     2  heapauxi.o(.text)
    __read_errno                             0x0800539d   Thumb Code    10  _rserrno.o(.text)
    __set_errno                              0x080053a7   Thumb Code    12  _rserrno.o(.text)
    _printf_int_common                       0x080053b3   Thumb Code   178  _printf_intcommon.o(.text)
    __lib_sel_fp_printf                      0x08005465   Thumb Code     2  _printf_fp_dec.o(.text)
    _printf_fp_dec_real                      0x08005617   Thumb Code   620  _printf_fp_dec.o(.text)
    _printf_char_common                      0x0800588f   Thumb Code    32  _printf_char_common.o(.text)
    _sputc                                   0x080058b5   Thumb Code    10  _sputc.o(.text)
    _printf_cs_common                        0x080058bf   Thumb Code    20  _printf_char.o(.text)
    _printf_char                             0x080058d3   Thumb Code    16  _printf_char.o(.text)
    _printf_string                           0x080058e3   Thumb Code     8  _printf_char.o(.text)
    _chval                                   0x080058eb   Thumb Code    28  _chval.o(.text)
    _scanf_really_real                       0x08005b55   Thumb Code   684  scanf_fp.o(.text)
    __vfscanf_char                           0x08005e0d   Thumb Code    24  scanf_char.o(.text)
    _sgetc                                   0x08005e2d   Thumb Code    30  _sgetc.o(.text)
    _sbackspace                              0x08005e4b   Thumb Code    34  _sgetc.o(.text)
    __aeabi_memcpy4                          0x08005e6d   Thumb Code     0  rt_memcpy_w.o(.text)
    __aeabi_memcpy8                          0x08005e6d   Thumb Code     0  rt_memcpy_w.o(.text)
    __rt_memcpy_w                            0x08005e6d   Thumb Code   100  rt_memcpy_w.o(.text)
    _memcpy_lastbytes_aligned                0x08005eb5   Thumb Code     0  rt_memcpy_w.o(.text)
    __rt_locale                              0x08005ed1   Thumb Code     8  rt_locale_intlibspace.o(.text)
    __aeabi_errno_addr                       0x08005ed9   Thumb Code     8  rt_errno_addr_intlibspace.o(.text)
    __errno$intlibspace                      0x08005ed9   Thumb Code     0  rt_errno_addr_intlibspace.o(.text)
    __rt_errno_addr$intlibspace              0x08005ed9   Thumb Code     0  rt_errno_addr_intlibspace.o(.text)
    _ll_udiv10                               0x08005ee1   Thumb Code   138  lludiv10.o(.text)
    isspace                                  0x08005f6b   Thumb Code    18  isspace.o(.text)
    _printf_fp_infnan                        0x08005f7d   Thumb Code   112  _printf_fp_infnan.o(.text)
    __vfscanf                                0x08005ffd   Thumb Code   880  _scanf.o(.text)
    _btod_etento                             0x08006371   Thumb Code   224  bigflt0.o(.text)
    __user_libspace                          0x08006455   Thumb Code     8  libspace.o(.text)
    __user_perproc_libspace                  0x08006455   Thumb Code     0  libspace.o(.text)
    __user_perthread_libspace                0x08006455   Thumb Code     0  libspace.o(.text)
    __user_setup_stackheap                   0x0800645d   Thumb Code    74  sys_stackheap_outer.o(.text)
    __rt_ctype_table                         0x080064a9   Thumb Code    16  rt_ctype_table.o(.text)
    _scanf_really_hex_real                   0x080064b9   Thumb Code   786  scanf_hexfp.o(.text)
    _scanf_really_infnan                     0x080067d9   Thumb Code   292  scanf_infnan.o(.text)
    exit                                     0x0800690d   Thumb Code    18  exit.o(.text)
    strcmp                                   0x08006921   Thumb Code   128  strcmpv7m.o(.text)
    __aeabi_llsl                             0x080069a1   Thumb Code     0  llshl.o(.text)
    _ll_shift_l                              0x080069a1   Thumb Code    38  llshl.o(.text)
    _sys_exit                                0x080069c9   Thumb Code     8  sys_exit.o(.text)
    __I$use$semihosting                      0x080069d5   Thumb Code     0  use_no_semi.o(.text)
    __use_no_semihosting_swi                 0x080069d5   Thumb Code     2  use_no_semi.o(.text)
    __semihosting_library_function           0x080069d7   Thumb Code     0  indicate_semi.o(.text)
    _btod_d2e                                0x080069d7   Thumb Code    62  btod.o(CL$$btod_d2e)
    _d2e_denorm_low                          0x08006a15   Thumb Code    70  btod.o(CL$$btod_d2e_denorm_low)
    _d2e_norm_op1                            0x08006a5b   Thumb Code    96  btod.o(CL$$btod_d2e_norm_op1)
    __btod_div_common                        0x08006abb   Thumb Code   696  btod.o(CL$$btod_div_common)
    _e2d                                     0x08006df5   Thumb Code   122  btod.o(CL$$btod_e2d)
    _e2e                                     0x08006e79   Thumb Code   220  btod.o(CL$$btod_e2e)
    _btod_ediv                               0x08006f55   Thumb Code    42  btod.o(CL$$btod_ediv)
    _btod_edivd                              0x08006f7f   Thumb Code    42  btod.o(CL$$btod_edivd)
    _btod_emul                               0x08006fa9   Thumb Code    42  btod.o(CL$$btod_emul)
    _btod_emuld                              0x08006fd3   Thumb Code    42  btod.o(CL$$btod_emuld)
    __btod_mult_common                       0x08006ffd   Thumb Code   580  btod.o(CL$$btod_mult_common)
    __ARM_fpclassify                         0x08007241   Thumb Code    40  fpclassify.o(i.__ARM_fpclassify)
    __ieee754_rem_pio2                       0x08007269   Thumb Code   828  rred.o(i.__ieee754_rem_pio2)
    __kernel_cos                             0x080075f1   Thumb Code   230  cos_i.o(i.__kernel_cos)
    __kernel_poly                            0x080076ed   Thumb Code   170  poly.o(i.__kernel_poly)
    __kernel_sin                             0x08007799   Thumb Code   224  sin_i.o(i.__kernel_sin)
    __mathlib_dbl_infnan                     0x08007885   Thumb Code     6  dunder.o(i.__mathlib_dbl_infnan)
    __mathlib_dbl_invalid                    0x0800788b   Thumb Code    12  dunder.o(i.__mathlib_dbl_invalid)
    __mathlib_dbl_overflow                   0x08007897   Thumb Code    14  dunder.o(i.__mathlib_dbl_overflow)
    __mathlib_dbl_underflow                  0x080078a5   Thumb Code    10  dunder.o(i.__mathlib_dbl_underflow)
    __mathlib_narrow                         0x080078b5   Thumb Code    16  narrow.o(i.__mathlib_narrow)
    __mathlib_tofloat                        0x080078c5   Thumb Code   184  narrow.o(i.__mathlib_tofloat)
    __support_ldexp                          0x08007981   Thumb Code    22  ldexp.o(i.__support_ldexp)
    _is_digit                                0x08007997   Thumb Code    14  __printf_wp.o(i._is_digit)
    acos                                     0x080079a5   Thumb Code   574  acos.o(i.acos)
    atan                                     0x08007c21   Thumb Code   474  atan.o(i.atan)
    cos                                      0x08007e41   Thumb Code   148  cos.o(i.cos)
    frexp                                    0x08007edd   Thumb Code    80  frexp.o(i.frexp)
    ldexp                                    0x08007f35   Thumb Code   116  ldexp.o(i.ldexp)
    sin                                      0x08007fa9   Thumb Code   150  sin.o(i.sin)
    sqrt                                     0x08008049   Thumb Code    76  sqrt.o(i.sqrt)
    _get_lc_numeric                          0x08008095   Thumb Code    44  lc_numeric_c.o(locale$$code)
    _get_lc_ctype                            0x080080c1   Thumb Code    44  lc_ctype_c.o(locale$$code)
    __aeabi_d2f                              0x080080ed   Thumb Code     0  d2f.o(x$fpl$d2f)
    _d2f                                     0x080080ed   Thumb Code    98  d2f.o(x$fpl$d2f)
    __aeabi_dadd                             0x08008151   Thumb Code     0  daddsub_clz.o(x$fpl$dadd)
    _dadd                                    0x08008151   Thumb Code   332  daddsub_clz.o(x$fpl$dadd)
    __fpl_dcheck_NaN1                        0x080082a1   Thumb Code    10  dcheck1.o(x$fpl$dcheck1)
    __fpl_dcmp_Inf                           0x080082b1   Thumb Code    24  dcmpi.o(x$fpl$dcmpinf)
    __aeabi_ddiv                             0x080082c9   Thumb Code     0  ddiv.o(x$fpl$ddiv)
    _ddiv                                    0x080082c9   Thumb Code   552  ddiv.o(x$fpl$ddiv)
    __aeabi_cdcmpeq                          0x08008579   Thumb Code     0  deqf.o(x$fpl$deqf)
    _dcmpeq                                  0x08008579   Thumb Code   120  deqf.o(x$fpl$deqf)
    __aeabi_d2iz                             0x080085f1   Thumb Code     0  dfix.o(x$fpl$dfix)
    _dfix                                    0x080085f1   Thumb Code    94  dfix.o(x$fpl$dfix)
    __aeabi_i2d                              0x0800864f   Thumb Code     0  dflt_clz.o(x$fpl$dflt)
    _dflt                                    0x0800864f   Thumb Code    46  dflt_clz.o(x$fpl$dflt)
    __aeabi_ui2d                             0x0800867d   Thumb Code     0  dflt_clz.o(x$fpl$dfltu)
    _dfltu                                   0x0800867d   Thumb Code    38  dflt_clz.o(x$fpl$dfltu)
    __aeabi_cdcmple                          0x080086a5   Thumb Code     0  dleqf.o(x$fpl$dleqf)
    _dcmple                                  0x080086a5   Thumb Code   120  dleqf.o(x$fpl$dleqf)
    __fpl_dcmple_InfNaN                      0x08008707   Thumb Code     0  dleqf.o(x$fpl$dleqf)
    __aeabi_dmul                             0x0800871d   Thumb Code     0  dmul.o(x$fpl$dmul)
    _dmul                                    0x0800871d   Thumb Code   332  dmul.o(x$fpl$dmul)
    __fpl_dnaninf                            0x08008871   Thumb Code   156  dnaninf.o(x$fpl$dnaninf)
    __fpl_dretinf                            0x0800890d   Thumb Code    12  dretinf.o(x$fpl$dretinf)
    __aeabi_cdrcmple                         0x08008919   Thumb Code     0  drleqf.o(x$fpl$drleqf)
    _drcmple                                 0x08008919   Thumb Code   108  drleqf.o(x$fpl$drleqf)
    __aeabi_drsub                            0x08008985   Thumb Code     0  daddsub_clz.o(x$fpl$drsb)
    _drsb                                    0x08008985   Thumb Code    22  daddsub_clz.o(x$fpl$drsb)
    _dsqrt                                   0x0800899d   Thumb Code   456  dsqrt_noumaal.o(x$fpl$dsqrt)
    __aeabi_dsub                             0x08008b69   Thumb Code     0  daddsub_clz.o(x$fpl$dsub)
    _dsub                                    0x08008b69   Thumb Code   464  daddsub_clz.o(x$fpl$dsub)
    __aeabi_f2d                              0x08008d3d   Thumb Code     0  f2d.o(x$fpl$f2d)
    _f2d                                     0x08008d3d   Thumb Code    86  f2d.o(x$fpl$f2d)
    __aeabi_fadd                             0x08008d95   Thumb Code     0  faddsub_clz.o(x$fpl$fadd)
    _fadd                                    0x08008d95   Thumb Code   196  faddsub_clz.o(x$fpl$fadd)
    __fpl_fcheck_NaN1                        0x08008e59   Thumb Code     6  fcheck1.o(x$fpl$fcheck1)
    __fpl_fcmp_Inf                           0x08008e65   Thumb Code    24  fcmpi.o(x$fpl$fcmpinf)
    __aeabi_fdiv                             0x08008e7d   Thumb Code     0  fdiv.o(x$fpl$fdiv)
    _fdiv                                    0x08008e7d   Thumb Code   384  fdiv.o(x$fpl$fdiv)
    __aeabi_f2iz                             0x08009001   Thumb Code     0  ffix.o(x$fpl$ffix)
    _ffix                                    0x08009001   Thumb Code    54  ffix.o(x$fpl$ffix)
    __aeabi_f2uiz                            0x08009039   Thumb Code     0  ffixu.o(x$fpl$ffixu)
    _ffixu                                   0x08009039   Thumb Code    62  ffixu.o(x$fpl$ffixu)
    __aeabi_i2f                              0x08009079   Thumb Code     0  fflt_clz.o(x$fpl$fflt)
    _fflt                                    0x08009079   Thumb Code    48  fflt_clz.o(x$fpl$fflt)
    __aeabi_ui2f                             0x080090a9   Thumb Code     0  fflt_clz.o(x$fpl$ffltu)
    _ffltu                                   0x080090a9   Thumb Code    38  fflt_clz.o(x$fpl$ffltu)
    __aeabi_cfcmple                          0x080090d1   Thumb Code     0  fleqf.o(x$fpl$fleqf)
    _fcmple                                  0x080090d1   Thumb Code   104  fleqf.o(x$fpl$fleqf)
    __fpl_fcmple_InfNaN                      0x08009123   Thumb Code     0  fleqf.o(x$fpl$fleqf)
    __aeabi_fmul                             0x08009139   Thumb Code     0  fmul.o(x$fpl$fmul)
    _fmul                                    0x08009139   Thumb Code   258  fmul.o(x$fpl$fmul)
    __fpl_fnaninf                            0x0800923b   Thumb Code   140  fnaninf.o(x$fpl$fnaninf)
    __fpl_fretinf                            0x080092c7   Thumb Code    10  fretinf.o(x$fpl$fretinf)
    __aeabi_cfrcmple                         0x080092d1   Thumb Code     0  frleqf.o(x$fpl$frleqf)
    _frcmple                                 0x080092d1   Thumb Code    98  frleqf.o(x$fpl$frleqf)
    __aeabi_frsub                            0x08009333   Thumb Code     0  faddsub_clz.o(x$fpl$frsb)
    _frsb                                    0x08009333   Thumb Code    20  faddsub_clz.o(x$fpl$frsb)
    __aeabi_fsub                             0x08009349   Thumb Code     0  faddsub_clz.o(x$fpl$fsub)
    _fsub                                    0x08009349   Thumb Code   234  faddsub_clz.o(x$fpl$fsub)
    __ieee_status                            0x08009433   Thumb Code     6  istatus.o(x$fpl$ieeestatus)
    _printf_fp_dec                           0x08009439   Thumb Code     4  printf1.o(x$fpl$printf1)
    __fpl_return_NaN                         0x0800943d   Thumb Code   100  retnan.o(x$fpl$retnan)
    __ARM_scalbn                             0x080094a1   Thumb Code    92  scalbn.o(x$fpl$scalbn)
    __ARM_scalbnf                            0x080094fd   Thumb Code    76  scalbnf.o(x$fpl$scalbnf)
    _scanf_real                              0x08009549   Thumb Code     4  scanf1.o(x$fpl$scanf1)
    _scanf_hex_real                          0x0800954d   Thumb Code     4  scanf2.o(x$fpl$scanf2)
    _scanf_infnan                            0x08009551   Thumb Code     4  scanf2.o(x$fpl$scanf2)
    __fpl_cmpreturn                          0x08009555   Thumb Code    48  trapv.o(x$fpl$trapveneer)
    __I$use$fp                               0x08009584   Number         0  usenofp.o(x$fpl$usenofp)
    Region$$Table$$Base                      0x08009a5c   Number         0  anon$$obj.o(Region$$Table)
    Region$$Table$$Limit                     0x08009a7c   Number         0  anon$$obj.o(Region$$Table)
    __aeabi_HUGE_VAL                         0x08009a7c   Data           0  fpconst.o(c$$dinf)
    __aeabi_HUGE_VALL                        0x08009a7c   Data           0  fpconst.o(c$$dinf)
    __aeabi_INFINITY                         0x08009a7c   Data           0  fpconst.o(c$$dinf)
    __dInf                                   0x08009a7c   Data           0  fpconst.o(c$$dinf)
    __huge_val                               0x08009a7c   Data           0  fpconst.o(c$$dinf)
    __dbl_max                                0x08009a84   Data           0  fpconst.o(c$$dmax)
    __ctype                                  0x08009ab5   Data           0  lc_ctype_c.o(locale$$data)
    SystemCoreClock                          0x20000000   Data           4  system_stm32f10x.o(.data)
    AHBPrescTable                            0x20000004   Data          16  system_stm32f10x.o(.data)
    group_do_ok                              0x20000028   Data           1  z_global.o(.data)
    uart1_get_ok                             0x20000029   Data           1  z_global.o(.data)
    uart1_mode                               0x2000002a   Data           1  z_global.o(.data)
    systick_ms                               0x20000030   Data           4  z_timer.o(.data)
    GPIO_InitStructure                       0x2000003c   Data           4  z_w25q64.o(.data)
    ADC_ConvertedValue                       0x20000040   Data           2  z_adc.o(.data)
    needSaveFlag                             0x20000044   Data           1  z_actiongroupcontrol.o(.data)
    bias_systick_ms_bak                      0x20000048   Data           4  z_actiongroupcontrol.o(.data)
    action_time                              0x2000004c   Data           4  z_actiongroupcontrol.o(.data)
    do_start_index                           0x20000058   Data           4  z_actiongroupcontrol.o(.data)
    do_times                                 0x2000005c   Data           4  z_actiongroupcontrol.o(.data)
    group_num_start                          0x20000060   Data           4  z_actiongroupcontrol.o(.data)
    group_num_end                            0x20000064   Data           4  z_actiongroupcontrol.o(.data)
    group_num_times                          0x20000068   Data           4  z_actiongroupcontrol.o(.data)
    pre_cmd_set_red                          0x20000080   Data          64  z_main.o(.data)
    carry_step                               0x200000c0   Data           1  z_sensor.o(.data)
    kms_y                                    0x200000c2   Data           2  z_sensor.o(.data)
    category                                 0x200000c4   Data           4  z_sensor.o(.data)
    duoji_doing                              0x200000d0   Data         128  z_global.o(.bss)
    cmd_return                               0x20000150   Data        1024  z_global.o(.bss)
    uart_receive_buf                         0x20000550   Data        1024  z_global.o(.bss)
    eeprom_info                              0x20000950   Data         192  z_global.o(.bss)
    SPI_InitStructure                        0x20000a10   Data          18  z_w25q64.o(.bss)
    W25Q_BUF                                 0x20000a22   Data        4096  z_w25q64.o(.bss)
    psx_buf                                  0x20001a24   Data           9  z_main.o(.bss)
    kinematics                               0x20001a30   Data          88  z_main.o(.bss)
    __libspace_start                         0x20001a88   Data          96  libspace.o(.bss)
    __temporary_stack_top$libspace           0x20001ae8   Data           0  libspace.o(.bss)



==============================================================================

Memory Map of the image

  Image Entry point : 0x08000131

  Load Region LR_IROM1 (Base: 0x08000000, Size: 0x00009c88, Max: 0x00010000, ABSOLUTE)

    Execution Region ER_IROM1 (Exec base: 0x08000000, Load base: 0x08000000, Size: 0x00009bb8, Max: 0x00010000, ABSOLUTE)

    Exec Addr    Load Addr    Size         Type   Attr      Idx    E Section Name        Object

    0x08000000   0x08000000   0x00000130   Data   RO          260    RESET               startup_stm32f10x_hd.o
    0x08000130   0x08000130   0x00000008   Code   RO          608  * !!!main             c_w.l(__main.o)
    0x08000138   0x08000138   0x00000034   Code   RO         1055    !!!scatter          c_w.l(__scatter.o)
    0x0800016c   0x0800016c   0x0000001a   Code   RO         1057    !!handler_copy      c_w.l(__scatter_copy.o)
    0x08000186   0x08000186   0x00000002   PAD
    0x08000188   0x08000188   0x0000001c   Code   RO         1059    !!handler_zi        c_w.l(__scatter_zi.o)
    0x080001a4   0x080001a4   0x00000000   Code   RO          589    .ARM.Collect$$_printf_percent$$00000000  c_w.l(_printf_percent.o)
    0x080001a4   0x080001a4   0x00000006   Code   RO          588    .ARM.Collect$$_printf_percent$$00000003  c_w.l(_printf_f.o)
    0x080001aa   0x080001aa   0x00000006   Code   RO          587    .ARM.Collect$$_printf_percent$$00000009  c_w.l(_printf_d.o)
    0x080001b0   0x080001b0   0x00000006   Code   RO          586    .ARM.Collect$$_printf_percent$$00000014  c_w.l(_printf_s.o)
    0x080001b6   0x080001b6   0x00000004   Code   RO          731    .ARM.Collect$$_printf_percent$$00000017  c_w.l(_printf_percent_end.o)
    0x080001ba   0x080001ba   0x00000002   Code   RO          900    .ARM.Collect$$libinit$$00000000  c_w.l(libinit.o)
    0x080001bc   0x080001bc   0x00000000   Code   RO          902    .ARM.Collect$$libinit$$00000002  c_w.l(libinit2.o)
    0x080001bc   0x080001bc   0x00000000   Code   RO          904    .ARM.Collect$$libinit$$00000004  c_w.l(libinit2.o)
    0x080001bc   0x080001bc   0x00000000   Code   RO          907    .ARM.Collect$$libinit$$0000000A  c_w.l(libinit2.o)
    0x080001bc   0x080001bc   0x00000000   Code   RO          909    .ARM.Collect$$libinit$$0000000C  c_w.l(libinit2.o)
    0x080001bc   0x080001bc   0x00000000   Code   RO          911    .ARM.Collect$$libinit$$0000000E  c_w.l(libinit2.o)
    0x080001bc   0x080001bc   0x00000006   Code   RO          912    .ARM.Collect$$libinit$$0000000F  c_w.l(libinit2.o)
    0x080001c2   0x080001c2   0x00000000   Code   RO          914    .ARM.Collect$$libinit$$00000011  c_w.l(libinit2.o)
    0x080001c2   0x080001c2   0x0000000c   Code   RO          915    .ARM.Collect$$libinit$$00000012  c_w.l(libinit2.o)
    0x080001ce   0x080001ce   0x00000000   Code   RO          916    .ARM.Collect$$libinit$$00000013  c_w.l(libinit2.o)
    0x080001ce   0x080001ce   0x00000000   Code   RO          918    .ARM.Collect$$libinit$$00000015  c_w.l(libinit2.o)
    0x080001ce   0x080001ce   0x0000000a   Code   RO          919    .ARM.Collect$$libinit$$00000016  c_w.l(libinit2.o)
    0x080001d8   0x080001d8   0x00000000   Code   RO          920    .ARM.Collect$$libinit$$00000017  c_w.l(libinit2.o)
    0x080001d8   0x080001d8   0x00000000   Code   RO          922    .ARM.Collect$$libinit$$00000019  c_w.l(libinit2.o)
    0x080001d8   0x080001d8   0x00000000   Code   RO          924    .ARM.Collect$$libinit$$0000001B  c_w.l(libinit2.o)
    0x080001d8   0x080001d8   0x00000000   Code   RO          926    .ARM.Collect$$libinit$$0000001D  c_w.l(libinit2.o)
    0x080001d8   0x080001d8   0x00000000   Code   RO          928    .ARM.Collect$$libinit$$0000001F  c_w.l(libinit2.o)
    0x080001d8   0x080001d8   0x00000000   Code   RO          930    .ARM.Collect$$libinit$$00000021  c_w.l(libinit2.o)
    0x080001d8   0x080001d8   0x00000000   Code   RO          932    .ARM.Collect$$libinit$$00000023  c_w.l(libinit2.o)
    0x080001d8   0x080001d8   0x00000000   Code   RO          934    .ARM.Collect$$libinit$$00000025  c_w.l(libinit2.o)
    0x080001d8   0x080001d8   0x00000000   Code   RO          938    .ARM.Collect$$libinit$$0000002C  c_w.l(libinit2.o)
    0x080001d8   0x080001d8   0x00000000   Code   RO          940    .ARM.Collect$$libinit$$0000002E  c_w.l(libinit2.o)
    0x080001d8   0x080001d8   0x00000000   Code   RO          942    .ARM.Collect$$libinit$$00000030  c_w.l(libinit2.o)
    0x080001d8   0x080001d8   0x00000000   Code   RO          944    .ARM.Collect$$libinit$$00000032  c_w.l(libinit2.o)
    0x080001d8   0x080001d8   0x00000002   Code   RO          945    .ARM.Collect$$libinit$$00000033  c_w.l(libinit2.o)
    0x080001da   0x080001da   0x00000002   Code   RO         1001    .ARM.Collect$$libshutdown$$00000000  c_w.l(libshutdown.o)
    0x080001dc   0x080001dc   0x00000000   Code   RO         1012    .ARM.Collect$$libshutdown$$00000002  c_w.l(libshutdown2.o)
    0x080001dc   0x080001dc   0x00000000   Code   RO         1014    .ARM.Collect$$libshutdown$$00000004  c_w.l(libshutdown2.o)
    0x080001dc   0x080001dc   0x00000000   Code   RO         1016    .ARM.Collect$$libshutdown$$00000006  c_w.l(libshutdown2.o)
    0x080001dc   0x080001dc   0x00000000   Code   RO         1019    .ARM.Collect$$libshutdown$$00000009  c_w.l(libshutdown2.o)
    0x080001dc   0x080001dc   0x00000000   Code   RO         1022    .ARM.Collect$$libshutdown$$0000000C  c_w.l(libshutdown2.o)
    0x080001dc   0x080001dc   0x00000000   Code   RO         1024    .ARM.Collect$$libshutdown$$0000000E  c_w.l(libshutdown2.o)
    0x080001dc   0x080001dc   0x00000000   Code   RO         1027    .ARM.Collect$$libshutdown$$00000011  c_w.l(libshutdown2.o)
    0x080001dc   0x080001dc   0x00000002   Code   RO         1028    .ARM.Collect$$libshutdown$$00000012  c_w.l(libshutdown2.o)
    0x080001de   0x080001de   0x00000000   Code   RO          718    .ARM.Collect$$rtentry$$00000000  c_w.l(__rtentry.o)
    0x080001de   0x080001de   0x00000000   Code   RO          794    .ARM.Collect$$rtentry$$00000002  c_w.l(__rtentry2.o)
    0x080001de   0x080001de   0x00000006   Code   RO          806    .ARM.Collect$$rtentry$$00000004  c_w.l(__rtentry4.o)
    0x080001e4   0x080001e4   0x00000000   Code   RO          796    .ARM.Collect$$rtentry$$00000009  c_w.l(__rtentry2.o)
    0x080001e4   0x080001e4   0x00000004   Code   RO          797    .ARM.Collect$$rtentry$$0000000A  c_w.l(__rtentry2.o)
    0x080001e8   0x080001e8   0x00000000   Code   RO          799    .ARM.Collect$$rtentry$$0000000C  c_w.l(__rtentry2.o)
    0x080001e8   0x080001e8   0x00000008   Code   RO          800    .ARM.Collect$$rtentry$$0000000D  c_w.l(__rtentry2.o)
    0x080001f0   0x080001f0   0x00000002   Code   RO          954    .ARM.Collect$$rtexit$$00000000  c_w.l(rtexit.o)
    0x080001f2   0x080001f2   0x00000000   Code   RO          978    .ARM.Collect$$rtexit$$00000002  c_w.l(rtexit2.o)
    0x080001f2   0x080001f2   0x00000004   Code   RO          979    .ARM.Collect$$rtexit$$00000003  c_w.l(rtexit2.o)
    0x080001f6   0x080001f6   0x00000006   Code   RO          980    .ARM.Collect$$rtexit$$00000004  c_w.l(rtexit2.o)
    0x080001fc   0x080001fc   0x00000010   Code   RO            1    .text               stm32f10x_it.o
    0x0800020c   0x0800020c   0x00000154   Code   RO           86    .text               system_stm32f10x.o
    0x08000360   0x08000360   0x0000026c   Code   RO          104    .text               stm32f10x_gpio.o
    0x080005cc   0x080005cc   0x000002b4   Code   RO          116    .text               stm32f10x_rcc.o
    0x08000880   0x08000880   0x000000b0   Code   RO          130    .text               misc.o
    0x08000930   0x08000930   0x00000328   Code   RO          142    .text               stm32f10x_usart.o
    0x08000c58   0x08000c58   0x00000af4   Code   RO          166    .text               stm32f10x_tim.o
    0x0800174c   0x0800174c   0x00000274   Code   RO          179    .text               stm32f10x_spi.o
    0x080019c0   0x080019c0   0x00000330   Code   RO          191    .text               stm32f10x_adc.o
    0x08001cf0   0x08001cf0   0x000001c8   Code   RO          203    .text               stm32f10x_dma.o
    0x08001eb8   0x08001eb8   0x0000003c   Code   RO          228    .text               stm32f10x_iwdg.o
    0x08001ef4   0x08001ef4   0x00000040   Code   RO          261    .text               startup_stm32f10x_hd.o
    0x08001f34   0x08001f34   0x0000003c   Code   RO          265    .text               z_delay.o
    0x08001f70   0x08001f70   0x000000b4   Code   RO          284    .text               z_global.o
    0x08002024   0x08002024   0x000001d8   Code   RO          313    .text               z_gpio.o
    0x080021fc   0x080021fc   0x00000158   Code   RO          330    .text               z_ps2.o
    0x08002354   0x08002354   0x00000056   Code   RO          345    .text               z_rcc.o
    0x080023aa   0x080023aa   0x00000002   PAD
    0x080023ac   0x080023ac   0x00000490   Code   RO          360    .text               z_timer.o
    0x0800283c   0x0800283c   0x00000598   Code   RO          394    .text               z_usart.o
    0x08002dd4   0x08002dd4   0x00000668   Code   RO          408    .text               z_w25q64.o
    0x0800343c   0x0800343c   0x00000114   Code   RO          431    .text               z_adc.o
    0x08003550   0x08003550   0x00000418   Code   RO          450    .text               z_kinematics.o
    0x08003968   0x08003968   0x00000a64   Code   RO          465    .text               z_actiongroupcontrol.o
    0x080043cc   0x080043cc   0x000006ec   Code   RO          511    .text               z_main.o
    0x08004ab8   0x08004ab8   0x00000318   Code   RO          536    .text               z_sensor.o
    0x08004dd0   0x08004dd0   0x00000028   Code   RO          556    .text               c_w.l(noretval__2sprintf.o)
    0x08004df8   0x08004df8   0x0000004e   Code   RO          560    .text               c_w.l(_printf_pad.o)
    0x08004e46   0x08004e46   0x00000052   Code   RO          562    .text               c_w.l(_printf_str.o)
    0x08004e98   0x08004e98   0x00000078   Code   RO          564    .text               c_w.l(_printf_dec.o)
    0x08004f10   0x08004f10   0x00000138   Code   RO          578    .text               c_w.l(__printf_flags_wp.o)
    0x08005048   0x08005048   0x0000003c   Code   RO          590    .text               c_w.l(__0sscanf.o)
    0x08005084   0x08005084   0x0000014c   Code   RO          592    .text               c_w.l(_scanf_int.o)
    0x080051d0   0x080051d0   0x00000024   Code   RO          594    .text               c_w.l(strstr.o)
    0x080051f4   0x080051f4   0x00000048   Code   RO          596    .text               c_w.l(strcpy.o)
    0x0800523c   0x0800523c   0x0000003e   Code   RO          598    .text               c_w.l(strlen.o)
    0x0800527a   0x0800527a   0x0000008a   Code   RO          600    .text               c_w.l(rt_memcpy_v6.o)
    0x08005304   0x08005304   0x00000044   Code   RO          602    .text               c_w.l(rt_memclr.o)
    0x08005348   0x08005348   0x0000004e   Code   RO          604    .text               c_w.l(rt_memclr_w.o)
    0x08005396   0x08005396   0x00000006   Code   RO          606    .text               c_w.l(heapauxi.o)
    0x0800539c   0x0800539c   0x00000016   Code   RO          719    .text               c_w.l(_rserrno.o)
    0x080053b2   0x080053b2   0x000000b2   Code   RO          721    .text               c_w.l(_printf_intcommon.o)
    0x08005464   0x08005464   0x0000041e   Code   RO          723    .text               c_w.l(_printf_fp_dec.o)
    0x08005882   0x08005882   0x00000002   PAD
    0x08005884   0x08005884   0x00000030   Code   RO          725    .text               c_w.l(_printf_char_common.o)
    0x080058b4   0x080058b4   0x0000000a   Code   RO          727    .text               c_w.l(_sputc.o)
    0x080058be   0x080058be   0x0000002c   Code   RO          729    .text               c_w.l(_printf_char.o)
    0x080058ea   0x080058ea   0x0000001c   Code   RO          732    .text               c_w.l(_chval.o)
    0x08005906   0x08005906   0x00000002   PAD
    0x08005908   0x08005908   0x000004f8   Code   RO          734    .text               c_w.l(scanf_fp.o)
    0x08005e00   0x08005e00   0x0000002c   Code   RO          736    .text               c_w.l(scanf_char.o)
    0x08005e2c   0x08005e2c   0x00000040   Code   RO          738    .text               c_w.l(_sgetc.o)
    0x08005e6c   0x08005e6c   0x00000064   Code   RO          740    .text               c_w.l(rt_memcpy_w.o)
    0x08005ed0   0x08005ed0   0x00000008   Code   RO          811    .text               c_w.l(rt_locale_intlibspace.o)
    0x08005ed8   0x08005ed8   0x00000008   Code   RO          816    .text               c_w.l(rt_errno_addr_intlibspace.o)
    0x08005ee0   0x08005ee0   0x0000008a   Code   RO          818    .text               c_w.l(lludiv10.o)
    0x08005f6a   0x08005f6a   0x00000012   Code   RO          820    .text               c_w.l(isspace.o)
    0x08005f7c   0x08005f7c   0x00000080   Code   RO          822    .text               c_w.l(_printf_fp_infnan.o)
    0x08005ffc   0x08005ffc   0x00000374   Code   RO          826    .text               c_w.l(_scanf.o)
    0x08006370   0x08006370   0x000000e4   Code   RO          828    .text               c_w.l(bigflt0.o)
    0x08006454   0x08006454   0x00000008   Code   RO          880    .text               c_w.l(libspace.o)
    0x0800645c   0x0800645c   0x0000004a   Code   RO          883    .text               c_w.l(sys_stackheap_outer.o)
    0x080064a6   0x080064a6   0x00000002   PAD
    0x080064a8   0x080064a8   0x00000010   Code   RO          885    .text               c_w.l(rt_ctype_table.o)
    0x080064b8   0x080064b8   0x00000320   Code   RO          887    .text               c_w.l(scanf_hexfp.o)
    0x080067d8   0x080067d8   0x00000134   Code   RO          889    .text               c_w.l(scanf_infnan.o)
    0x0800690c   0x0800690c   0x00000012   Code   RO          891    .text               c_w.l(exit.o)
    0x0800691e   0x0800691e   0x00000002   PAD
    0x08006920   0x08006920   0x00000080   Code   RO          893    .text               c_w.l(strcmpv7m.o)
    0x080069a0   0x080069a0   0x00000026   Code   RO          956    .text               c_w.l(llshl.o)
    0x080069c6   0x080069c6   0x00000002   PAD
    0x080069c8   0x080069c8   0x0000000c   Code   RO          991    .text               c_w.l(sys_exit.o)
    0x080069d4   0x080069d4   0x00000002   Code   RO         1002    .text               c_w.l(use_no_semi.o)
    0x080069d6   0x080069d6   0x00000000   Code   RO         1004    .text               c_w.l(indicate_semi.o)
    0x080069d6   0x080069d6   0x0000003e   Code   RO          831    CL$$btod_d2e        c_w.l(btod.o)
    0x08006a14   0x08006a14   0x00000046   Code   RO          833    CL$$btod_d2e_denorm_low  c_w.l(btod.o)
    0x08006a5a   0x08006a5a   0x00000060   Code   RO          832    CL$$btod_d2e_norm_op1  c_w.l(btod.o)
    0x08006aba   0x08006aba   0x00000338   Code   RO          841    CL$$btod_div_common  c_w.l(btod.o)
    0x08006df2   0x08006df2   0x00000002   PAD
    0x08006df4   0x08006df4   0x00000084   Code   RO          839    CL$$btod_e2d        c_w.l(btod.o)
    0x08006e78   0x08006e78   0x000000dc   Code   RO          838    CL$$btod_e2e        c_w.l(btod.o)
    0x08006f54   0x08006f54   0x0000002a   Code   RO          835    CL$$btod_ediv       c_w.l(btod.o)
    0x08006f7e   0x08006f7e   0x0000002a   Code   RO          837    CL$$btod_edivd      c_w.l(btod.o)
    0x08006fa8   0x08006fa8   0x0000002a   Code   RO          834    CL$$btod_emul       c_w.l(btod.o)
    0x08006fd2   0x08006fd2   0x0000002a   Code   RO          836    CL$$btod_emuld      c_w.l(btod.o)
    0x08006ffc   0x08006ffc   0x00000244   Code   RO          840    CL$$btod_mult_common  c_w.l(btod.o)
    0x08007240   0x08007240   0x00000028   Code   RO          778    i.__ARM_fpclassify  m_ws.l(fpclassify.o)
    0x08007268   0x08007268   0x00000388   Code   RO          782    i.__ieee754_rem_pio2  m_ws.l(rred.o)
    0x080075f0   0x080075f0   0x000000fc   Code   RO          761    i.__kernel_cos      m_ws.l(cos_i.o)
    0x080076ec   0x080076ec   0x000000aa   Code   RO          780    i.__kernel_poly     m_ws.l(poly.o)
    0x08007796   0x08007796   0x00000002   PAD
    0x08007798   0x08007798   0x000000ec   Code   RO          787    i.__kernel_sin      m_ws.l(sin_i.o)
    0x08007884   0x08007884   0x00000006   Code   RO          765    i.__mathlib_dbl_infnan  m_ws.l(dunder.o)
    0x0800788a   0x0800788a   0x0000000c   Code   RO          767    i.__mathlib_dbl_invalid  m_ws.l(dunder.o)
    0x08007896   0x08007896   0x0000000e   Code   RO          768    i.__mathlib_dbl_overflow  m_ws.l(dunder.o)
    0x080078a4   0x080078a4   0x00000010   Code   RO          770    i.__mathlib_dbl_underflow  m_ws.l(dunder.o)
    0x080078b4   0x080078b4   0x00000010   Code   RO          874    i.__mathlib_narrow  m_ws.l(narrow.o)
    0x080078c4   0x080078c4   0x000000bc   Code   RO          875    i.__mathlib_tofloat  m_ws.l(narrow.o)
    0x08007980   0x08007980   0x00000016   Code   RO          966    i.__support_ldexp   m_ws.l(ldexp.o)
    0x08007996   0x08007996   0x0000000e   Code   RO          576    i._is_digit         c_w.l(__printf_wp.o)
    0x080079a4   0x080079a4   0x0000027c   Code   RO          675    i.acos              m_ws.l(acos.o)
    0x08007c20   0x08007c20   0x00000220   Code   RO          685    i.atan              m_ws.l(atan.o)
    0x08007e40   0x08007e40   0x0000009c   Code   RO          695    i.cos               m_ws.l(cos.o)
    0x08007edc   0x08007edc   0x00000058   Code   RO          951    i.frexp             m_ws.l(frexp.o)
    0x08007f34   0x08007f34   0x00000074   Code   RO          967    i.ldexp             m_ws.l(ldexp.o)
    0x08007fa8   0x08007fa8   0x000000a0   Code   RO          703    i.sin               m_ws.l(sin.o)
    0x08008048   0x08008048   0x0000004c   Code   RO          711    i.sqrt              m_ws.l(sqrt.o)
    0x08008094   0x08008094   0x0000002c   Code   RO          854    locale$$code        c_w.l(lc_numeric_c.o)
    0x080080c0   0x080080c0   0x0000002c   Code   RO          959    locale$$code        c_w.l(lc_ctype_c.o)
    0x080080ec   0x080080ec   0x00000062   Code   RO          610    x$fpl$d2f           fz_ws.l(d2f.o)
    0x0800814e   0x0800814e   0x00000002   PAD
    0x08008150   0x08008150   0x00000150   Code   RO          612    x$fpl$dadd          fz_ws.l(daddsub_clz.o)
    0x080082a0   0x080082a0   0x00000010   Code   RO          856    x$fpl$dcheck1       fz_ws.l(dcheck1.o)
    0x080082b0   0x080082b0   0x00000018   Code   RO          858    x$fpl$dcmpinf       fz_ws.l(dcmpi.o)
    0x080082c8   0x080082c8   0x000002b0   Code   RO          619    x$fpl$ddiv          fz_ws.l(ddiv.o)
    0x08008578   0x08008578   0x00000078   Code   RO          946    x$fpl$deqf          fz_ws.l(deqf.o)
    0x080085f0   0x080085f0   0x0000005e   Code   RO          622    x$fpl$dfix          fz_ws.l(dfix.o)
    0x0800864e   0x0800864e   0x0000002e   Code   RO          627    x$fpl$dflt          fz_ws.l(dflt_clz.o)
    0x0800867c   0x0800867c   0x00000026   Code   RO          626    x$fpl$dfltu         fz_ws.l(dflt_clz.o)
    0x080086a2   0x080086a2   0x00000002   PAD
    0x080086a4   0x080086a4   0x00000078   Code   RO          742    x$fpl$dleqf         fz_ws.l(dleqf.o)
    0x0800871c   0x0800871c   0x00000154   Code   RO          632    x$fpl$dmul          fz_ws.l(dmul.o)
    0x08008870   0x08008870   0x0000009c   Code   RO          744    x$fpl$dnaninf       fz_ws.l(dnaninf.o)
    0x0800890c   0x0800890c   0x0000000c   Code   RO          746    x$fpl$dretinf       fz_ws.l(dretinf.o)
    0x08008918   0x08008918   0x0000006c   Code   RO          634    x$fpl$drleqf        fz_ws.l(drleqf.o)
    0x08008984   0x08008984   0x00000016   Code   RO          613    x$fpl$drsb          fz_ws.l(daddsub_clz.o)
    0x0800899a   0x0800899a   0x00000002   PAD
    0x0800899c   0x0800899c   0x000001cc   Code   RO          748    x$fpl$dsqrt         fz_ws.l(dsqrt_noumaal.o)
    0x08008b68   0x08008b68   0x000001d4   Code   RO          614    x$fpl$dsub          fz_ws.l(daddsub_clz.o)
    0x08008d3c   0x08008d3c   0x00000056   Code   RO          636    x$fpl$f2d           fz_ws.l(f2d.o)
    0x08008d92   0x08008d92   0x00000002   PAD
    0x08008d94   0x08008d94   0x000000c4   Code   RO          638    x$fpl$fadd          fz_ws.l(faddsub_clz.o)
    0x08008e58   0x08008e58   0x0000000c   Code   RO          750    x$fpl$fcheck1       fz_ws.l(fcheck1.o)
    0x08008e64   0x08008e64   0x00000018   Code   RO          752    x$fpl$fcmpinf       fz_ws.l(fcmpi.o)
    0x08008e7c   0x08008e7c   0x00000184   Code   RO          645    x$fpl$fdiv          fz_ws.l(fdiv.o)
    0x08009000   0x08009000   0x00000036   Code   RO          648    x$fpl$ffix          fz_ws.l(ffix.o)
    0x08009036   0x08009036   0x00000002   PAD
    0x08009038   0x08009038   0x0000003e   Code   RO          652    x$fpl$ffixu         fz_ws.l(ffixu.o)
    0x08009076   0x08009076   0x00000002   PAD
    0x08009078   0x08009078   0x00000030   Code   RO          657    x$fpl$fflt          fz_ws.l(fflt_clz.o)
    0x080090a8   0x080090a8   0x00000026   Code   RO          656    x$fpl$ffltu         fz_ws.l(fflt_clz.o)
    0x080090ce   0x080090ce   0x00000002   PAD
    0x080090d0   0x080090d0   0x00000068   Code   RO          662    x$fpl$fleqf         fz_ws.l(fleqf.o)
    0x08009138   0x08009138   0x00000102   Code   RO          664    x$fpl$fmul          fz_ws.l(fmul.o)
    0x0800923a   0x0800923a   0x0000008c   Code   RO          754    x$fpl$fnaninf       fz_ws.l(fnaninf.o)
    0x080092c6   0x080092c6   0x0000000a   Code   RO          756    x$fpl$fretinf       fz_ws.l(fretinf.o)
    0x080092d0   0x080092d0   0x00000062   Code   RO          666    x$fpl$frleqf        fz_ws.l(frleqf.o)
    0x08009332   0x08009332   0x00000014   Code   RO          639    x$fpl$frsb          fz_ws.l(faddsub_clz.o)
    0x08009346   0x08009346   0x00000002   PAD
    0x08009348   0x08009348   0x000000ea   Code   RO          640    x$fpl$fsub          fz_ws.l(faddsub_clz.o)
    0x08009432   0x08009432   0x00000006   Code   RO          864    x$fpl$ieeestatus    fz_ws.l(istatus.o)
    0x08009438   0x08009438   0x00000004   Code   RO          668    x$fpl$printf1       fz_ws.l(printf1.o)
    0x0800943c   0x0800943c   0x00000064   Code   RO          866    x$fpl$retnan        fz_ws.l(retnan.o)
    0x080094a0   0x080094a0   0x0000005c   Code   RO          758    x$fpl$scalbn        fz_ws.l(scalbn.o)
    0x080094fc   0x080094fc   0x0000004c   Code   RO          670    x$fpl$scalbnf       fz_ws.l(scalbnf.o)
    0x08009548   0x08009548   0x00000004   Code   RO          672    x$fpl$scanf1        fz_ws.l(scanf1.o)
    0x0800954c   0x0800954c   0x00000008   Code   RO          868    x$fpl$scanf2        fz_ws.l(scanf2.o)
    0x08009554   0x08009554   0x00000030   Code   RO          948    x$fpl$trapveneer    fz_ws.l(trapv.o)
    0x08009584   0x08009584   0x00000000   Code   RO          760    x$fpl$usenofp       fz_ws.l(usenofp.o)
    0x08009584   0x08009584   0x00000011   Data   RO          579    .constdata          c_w.l(__printf_flags_wp.o)
    0x08009595   0x08009595   0x00000003   PAD
    0x08009598   0x08009598   0x00000050   Data   RO          676    .constdata          m_ws.l(acos.o)
    0x080095e8   0x080095e8   0x00000098   Data   RO          686    .constdata          m_ws.l(atan.o)
    0x08009680   0x08009680   0x00000030   Data   RO          762    .constdata          m_ws.l(cos_i.o)
    0x080096b0   0x080096b0   0x000000c8   Data   RO          784    .constdata          m_ws.l(rred.o)
    0x08009778   0x08009778   0x00000028   Data   RO          788    .constdata          m_ws.l(sin_i.o)
    0x080097a0   0x080097a0   0x00000094   Data   RO          829    .constdata          c_w.l(bigflt0.o)
    0x08009834   0x08009834   0x00000225   Data   RO          513    .conststring        z_main.o
    0x08009a59   0x08009a59   0x00000003   PAD
    0x08009a5c   0x08009a5c   0x00000020   Data   RO         1053    Region$$Table       anon$$obj.o
    0x08009a7c   0x08009a7c   0x00000008   Data   RO          860    c$$dinf             fz_ws.l(fpconst.o)
    0x08009a84   0x08009a84   0x00000008   Data   RO          863    c$$dmax             fz_ws.l(fpconst.o)
    0x08009a8c   0x08009a8c   0x0000001c   Data   RO          853    locale$$data        c_w.l(lc_numeric_c.o)
    0x08009aa8   0x08009aa8   0x00000110   Data   RO          958    locale$$data        c_w.l(lc_ctype_c.o)


    Execution Region RW_IRAM1 (Exec base: 0x20000000, Load base: 0x08009bb8, Size: 0x000020e8, Max: 0x00005000, ABSOLUTE)

    Exec Addr    Load Addr    Size         Type   Attr      Idx    E Section Name        Object

    0x20000000   0x08009bb8   0x00000014   Data   RW           87    .data               system_stm32f10x.o
    0x20000014   0x08009bcc   0x00000014   Data   RW          117    .data               stm32f10x_rcc.o
    0x20000028   0x08009be0   0x00000001   Data   RW          290    .data               z_global.o
    0x20000029   0x08009be1   0x00000001   Data   RW          291    .data               z_global.o
    0x2000002a   0x08009be2   0x00000001   Data   RW          292    .data               z_global.o
    0x2000002b   0x08009be3   0x00000001   Data   RW          314    .data               z_gpio.o
    0x2000002c   0x08009be4   0x00000008   Data   RW          361    .data               z_timer.o
    0x20000034   0x08009bec   0x00000006   Data   RW          395    .data               z_usart.o
    0x2000003a   0x08009bf2   0x00000006   Data   RW          410    .data               z_w25q64.o
    0x20000040   0x08009bf8   0x00000002   Data   RW          432    .data               z_adc.o
    0x20000042   0x08009bfa   0x00000002   PAD
    0x20000044   0x08009bfc   0x00000028   Data   RW          466    .data               z_actiongroupcontrol.o
    0x2000006c   0x08009c24   0x00000054   Data   RW          514    .data               z_main.o
    0x200000c0   0x08009c78   0x00000010   Data   RW          537    .data               z_sensor.o
    0x200000d0        -       0x00000080   Zero   RW          285    .bss                z_global.o
    0x20000150        -       0x00000400   Zero   RW          286    .bss                z_global.o
    0x20000550        -       0x00000400   Zero   RW          287    .bss                z_global.o
    0x20000950        -       0x000000c0   Zero   RW          288    .bss                z_global.o
    0x20000a10        -       0x00001012   Zero   RW          409    .bss                z_w25q64.o
    0x20001a22   0x08009c88   0x00000002   PAD
    0x20001a24        -       0x00000064   Zero   RW          512    .bss                z_main.o
    0x20001a88        -       0x00000060   Zero   RW          881    .bss                c_w.l(libspace.o)
    0x20001ae8        -       0x00000200   Zero   RW          259    HEAP                startup_stm32f10x_hd.o
    0x20001ce8        -       0x00000400   Zero   RW          258    STACK               startup_stm32f10x_hd.o


==============================================================================

Image component sizes


      Code (inc. data)   RO Data    RW Data    ZI Data      Debug   Object Name

         0          0          0          0          0         32   core_cm3.o
       176         14          0          0          0       1861   misc.o
        64         26        304          0       1536        808   startup_stm32f10x_hd.o
       816         24          0          0          0      11249   stm32f10x_adc.o
       456         10          0          0          0       4650   stm32f10x_dma.o
       620         36          0          0          0       5825   stm32f10x_gpio.o
        16          0          0          0          0     280142   stm32f10x_it.o
        60          6          0          0          0       1321   stm32f10x_iwdg.o
       692         32          0         20          0       8996   stm32f10x_rcc.o
       628         14          0          0          0       6966   stm32f10x_spi.o
      2804         86          0          0          0      22946   stm32f10x_tim.o
       808         22          0          0          0       8748   stm32f10x_usart.o
       340         32          0         20          0       2071   system_stm32f10x.o
      2660        406          0         40          0       7306   z_actiongroupcontrol.o
       276         18          0          2          0       1775   z_adc.o
        60          0          0          0          0       1515   z_delay.o
       180          8          0          3       2368       3223   z_global.o
       472         26          0          1          0       2937   z_gpio.o
      1048         58          0          0          0       2779   z_kinematics.o
      1772        236        549         84        100      21761   z_main.o
       344          8          0          0          0       1253   z_ps2.o
        86          0          0          0          0        550   z_rcc.o
       792        224          0         16          0       2017   z_sensor.o
      1168         34          0          8          0       5559   z_timer.o
      1432         58          0          6          0       6702   z_usart.o
      1640         26          0          6       4114       7603   z_w25q64.o

    ----------------------------------------------------------------------
     19412       1404        888        208       8120     420595   Object Totals
         0          0         32          0          0          0   (incl. Generated)
         2          0          3          2          2          0   (incl. Padding)

    ----------------------------------------------------------------------

      Code (inc. data)   RO Data    RW Data    ZI Data      Debug   Library Member Name

        60          8          0          0          0         84   __0sscanf.o
         8          0          0          0          0         68   __main.o
       312          4         17          0          0         92   __printf_flags_wp.o
        14          0          0          0          0         68   __printf_wp.o
         0          0          0          0          0          0   __rtentry.o
        12          0          0          0          0          0   __rtentry2.o
         6          0          0          0          0          0   __rtentry4.o
        52          8          0          0          0          0   __scatter.o
        26          0          0          0          0          0   __scatter_copy.o
        28          0          0          0          0          0   __scatter_zi.o
        28          0          0          0          0         68   _chval.o
        44          0          0          0          0        108   _printf_char.o
        48          6          0          0          0         96   _printf_char_common.o
         6          0          0          0          0          0   _printf_d.o
       120         16          0          0          0         92   _printf_dec.o
         6          0          0          0          0          0   _printf_f.o
      1054          0          0          0          0        216   _printf_fp_dec.o
       128         16          0          0          0         84   _printf_fp_infnan.o
       178          0          0          0          0         88   _printf_intcommon.o
        78          0          0          0          0        108   _printf_pad.o
         0          0          0          0          0          0   _printf_percent.o
         4          0          0          0          0          0   _printf_percent_end.o
         6          0          0          0          0          0   _printf_s.o
        82          0          0          0          0         80   _printf_str.o
        22          0          0          0          0        100   _rserrno.o
       884          4          0          0          0        100   _scanf.o
       332          0          0          0          0         96   _scanf_int.o
        64          0          0          0          0         84   _sgetc.o
        10          0          0          0          0         68   _sputc.o
       228          4        148          0          0         96   bigflt0.o
      2152        136          0          0          0        960   btod.o
        18          0          0          0          0         80   exit.o
         6          0          0          0          0        152   heapauxi.o
         0          0          0          0          0          0   indicate_semi.o
        18          0          0          0          0         76   isspace.o
        44         10        272          0          0         76   lc_ctype_c.o
        44         10         28          0          0         76   lc_numeric_c.o
         2          0          0          0          0          0   libinit.o
        30          0          0          0          0          0   libinit2.o
         2          0          0          0          0          0   libshutdown.o
         2          0          0          0          0          0   libshutdown2.o
         8          4          0          0         96         68   libspace.o
        38          0          0          0          0         68   llshl.o
       138          0          0          0          0         80   lludiv10.o
        40          6          0          0          0         84   noretval__2sprintf.o
        16          4          0          0          0         76   rt_ctype_table.o
         8          4          0          0          0         68   rt_errno_addr_intlibspace.o
         8          4          0          0          0         68   rt_locale_intlibspace.o
        68          0          0          0          0         68   rt_memclr.o
        78          0          0          0          0         80   rt_memclr_w.o
       138          0          0          0          0         68   rt_memcpy_v6.o
       100          0          0          0          0         80   rt_memcpy_w.o
         2          0          0          0          0          0   rtexit.o
        10          0          0          0          0          0   rtexit2.o
        44          8          0          0          0         84   scanf_char.o
      1272         16          0          0          0        168   scanf_fp.o
       800         14          0          0          0        100   scanf_hexfp.o
       308         16          0          0          0        100   scanf_infnan.o
       128          0          0          0          0         68   strcmpv7m.o
        72          0          0          0          0         80   strcpy.o
        62          0          0          0          0         76   strlen.o
        36          0          0          0          0         80   strstr.o
        12          4          0          0          0         68   sys_exit.o
        74          0          0          0          0         80   sys_stackheap_outer.o
         2          0          0          0          0         68   use_no_semi.o
        98          4          0          0          0         92   d2f.o
       826         16          0          0          0        348   daddsub_clz.o
        16          4          0          0          0         68   dcheck1.o
        24          0          0          0          0         68   dcmpi.o
       688        140          0          0          0        208   ddiv.o
       120          4          0          0          0         92   deqf.o
        94          4          0          0          0         92   dfix.o
        84          0          0          0          0        136   dflt_clz.o
       120          4          0          0          0         92   dleqf.o
       340         12          0          0          0        104   dmul.o
       156          4          0          0          0         92   dnaninf.o
        12          0          0          0          0         68   dretinf.o
       108          0          0          0          0         80   drleqf.o
       460         56          0          0          0        120   dsqrt_noumaal.o
        86          4          0          0          0         84   f2d.o
       450          8          0          0          0        236   faddsub_clz.o
        12          4          0          0          0         68   fcheck1.o
        24          0          0          0          0         68   fcmpi.o
       388         76          0          0          0         96   fdiv.o
        54          4          0          0          0         84   ffix.o
        62          4          0          0          0         84   ffixu.o
        86          0          0          0          0        136   fflt_clz.o
       104          4          0          0          0         84   fleqf.o
       258          4          0          0          0         84   fmul.o
       140          4          0          0          0         84   fnaninf.o
         0          0         16          0          0          0   fpconst.o
        10          0          0          0          0         68   fretinf.o
        98          0          0          0          0         68   frleqf.o
         6          0          0          0          0         68   istatus.o
         4          0          0          0          0         68   printf1.o
       100          0          0          0          0         68   retnan.o
        92          0          0          0          0         68   scalbn.o
        76          0          0          0          0         68   scalbnf.o
         4          0          0          0          0         68   scanf1.o
         8          0          0          0          0         84   scanf2.o
        48          0          0          0          0         68   trapv.o
         0          0          0          0          0          0   usenofp.o
       636         62         80          0          0        188   acos.o
       544         70        152          0          0        124   atan.o
       156          8          0          0          0        104   cos.o
       252         22         48          0          0        124   cos_i.o
        48          6          0          0          0        272   dunder.o
        40          0          0          0          0         68   fpclassify.o
        88          8          0          0          0         76   frexp.o
       138          0          0          0          0        160   ldexp.o
       204          4          0          0          0        168   narrow.o
       170          0          0          0          0         96   poly.o
       904         76        200          0          0        140   rred.o
       160         10          0          0          0        108   sin.o
       236         12         40          0          0        128   sin_i.o
        76          0          0          0          0         84   sqrt.o

    ----------------------------------------------------------------------
     18560        942       1004          0         96      10300   Library Totals
        32          2          3          0          0          0   (incl. Padding)

    ----------------------------------------------------------------------

      Code (inc. data)   RO Data    RW Data    ZI Data      Debug   Library Name

      9620        302        465          0         96       4996   c_w.l
      5256        360         16          0          0       3464   fz_ws.l
      3652        278        520          0          0       1840   m_ws.l

    ----------------------------------------------------------------------
     18560        942       1004          0         96      10300   Library Totals

    ----------------------------------------------------------------------

==============================================================================


      Code (inc. data)   RO Data    RW Data    ZI Data      Debug   

     37972       2346       1892        208       8216     421895   Grand Totals
     37972       2346       1892        208       8216     421895   ELF Image Totals
     37972       2346       1892        208          0          0   ROM Totals

==============================================================================

    Total RO  Size (Code + RO Data)                39864 (  38.93kB)
    Total RW  Size (RW Data + ZI Data)              8424 (   8.23kB)
    Total ROM Size (Code + RO Data + RW Data)      40072 (  39.13kB)

==============================================================================

